MPLINK 4.40, Linker
Linker Map File - Created Tue May 07 19:19:52 2013

                                 Section Info
                  Section       Type    Address   Location Size(Bytes)
                ---------  ---------  ---------  ---------  ---------
               _entry_scn       code   0x000000    program   0x000006
           .code___init.o       code   0x000006    program   0x000002
      InterruptVectorHigh       code   0x000008    program   0x000006
                   .cinit    romdata   0x00000e    program   0x00001a
         .code_SUPERPID.o       code   0x000028    program   0x000e70
         .code_vfprintf.o       code   0x000e98    program   0x000c22
                     PROG       code   0x001aba    program   0x0005a0
               _cinit_scn       code   0x00205a    program   0x00009e
           .code_printf.o       code   0x0020f8    program   0x000098
             .stringtable    romdata   0x002190    program   0x000094
             .code_putc.o       code   0x002224    program   0x000084
          .code_pw2open.o       code   0x0022a8    program   0x000076
          .code_fxm3232.o       code   0x00231e    program   0x000070
          .code_adcopen.o       code   0x00238e    program   0x00006e
                   STRING       code   0x0023fc    program   0x000066
         .code_pw2setdc.o       code   0x002462    program   0x00005e
         .code_fxd3232u.o       code   0x0024c0    program   0x000048
           .code_t3open.o       code   0x002508    program   0x000042
           .code_t1open.o       code   0x00254a    program   0x000042
           .code_t2open.o       code   0x00258c    program   0x000036
             D10KTCYXCODE       code   0x0025c2    program   0x00002e
                    CTYPE       code   0x0025f0    program   0x000024
              D1KTCYXCODE       code   0x002614    program   0x000020
                    .code       code   0x002634    program   0x000020
             _startup_scn       code   0x002654    program   0x00001c
                    STDIO       code   0x002670    program   0x00001c
             D100TCYXCODE       code   0x00268c    program   0x00001c
          .code_adcread.o       code   0x0026a8    program   0x000012
      .romdata_vfprintf.o    romdata   0x0026ba    program   0x000011
        .romdata_t3open.o    romdata   0x0026cb    program   0x000000
        .idata_t3open.o_i    romdata   0x0026cb    program   0x000000
       .idata_adcread.o_i    romdata   0x0026cb    program   0x000000
       .romdata_adcread.o    romdata   0x0026cb    program   0x000000
        .romdata_t2open.o    romdata   0x0026cb    program   0x000000
      .idata_pw2setdc.o_i    romdata   0x0026cb    program   0x000000
      .romdata_pw2setdc.o    romdata   0x0026cb    program   0x000000
        .idata___init.o_i    romdata   0x0026cb    program   0x000000
        .romdata___init.o    romdata   0x0026cb    program   0x000000
        .idata_printf.o_i    romdata   0x0026cb    program   0x000000
        .romdata_printf.o    romdata   0x0026cb    program   0x000000
        .romdata_stdout.o    romdata   0x0026cb    program   0x000000
      .idata_vfprintf.o_i    romdata   0x0026cb    program   0x000000
          .idata_putc.o_i    romdata   0x0026cb    program   0x000000
          .romdata_putc.o    romdata   0x0026cb    program   0x000000
         .idata_c018i.o_i    romdata   0x0026cb    program   0x000000
         .romdata_c018i.o    romdata   0x0026cb    program   0x000000
       .idata_adcbusy.o_i    romdata   0x0026cb    program   0x000000
       .romdata_adcbusy.o    romdata   0x0026cb    program   0x000000
       .idata_adcconv.o_i    romdata   0x0026cb    program   0x000000
       .romdata_adcconv.o    romdata   0x0026cb    program   0x000000
      .idata_fxd3232u.o_i    romdata   0x0026cb    program   0x000000
      .romdata_fxd3232u.o    romdata   0x0026cb    program   0x000000
        .idata_t2open.o_i    romdata   0x0026cb    program   0x000000
        .romdata_t1open.o    romdata   0x0026cb    program   0x000000
        .idata_t1open.o_i    romdata   0x0026cb    program   0x000000
       .romdata_pw2open.o    romdata   0x0026cb    program   0x000000
       .idata_pw2open.o_i    romdata   0x0026cb    program   0x000000
       .idata_fxm3232.o_i    romdata   0x0026cb    program   0x000000
       .romdata_fxm3232.o    romdata   0x0026cb    program   0x000000
       .idata_adcopen.o_i    romdata   0x0026cb    program   0x000000
       .romdata_adcopen.o    romdata   0x0026cb    program   0x000000
           .code_stdout.o       code   0x0026cc    program   0x000000
            .code_c018i.o       code   0x0026cc    program   0x000000
          .code_adcbusy.o       code   0x0026cc    program   0x00000a
      .romdata_SUPERPID.o    romdata   0x0026d6    program   0x000004
          .code_adcconv.o       code   0x0026da    program   0x000004
        .idata_stdout.o_i    romdata   0x0026de    program   0x000002
      .idata_SUPERPID.o_i    romdata   0x0026e0    program   0x000036
.config_300000_SUPERPID.o    romdata   0x300000    program   0x000001
.config_300001_SUPERPID.o    romdata   0x300001    program   0x000001
.config_300002_SUPERPID.o    romdata   0x300002    program   0x000001
.config_300003_SUPERPID.o    romdata   0x300003    program   0x000001
.config_300005_SUPERPID.o    romdata   0x300005    program   0x000001
.config_300006_SUPERPID.o    romdata   0x300006    program   0x000001
                MATH_DATA      udata   0x000000       data   0x000014
                 .tmpdata      udata   0x000014       data   0x000014
 InterruptHandlerHigh_tmp      udata   0x000028       data   0x000002
                DELAYDAT2      udata   0x00002a       data   0x000001
                DELAYDAT1      udata   0x00002b       data   0x000001
        .idata_SUPERPID.o      idata   0x000060       data   0x000036
        .udata_SUPERPID.o      udata   0x000100       data   0x0000cd
           .udata_c018i.o      udata   0x0001cd       data   0x00000a
          .idata_stdout.o      idata   0x0001d7       data   0x000002
          .idata_t2open.o      idata   0x0001d9       data   0x000000
          .udata_t3open.o      udata   0x0001d9       data   0x000000
          .idata_t3open.o      idata   0x0001d9       data   0x000000
         .udata_adcread.o      udata   0x0001d9       data   0x000000
         .idata_adcread.o      idata   0x0001d9       data   0x000000
        .udata_pw2setdc.o      udata   0x0001d9       data   0x000000
        .idata_pw2setdc.o      idata   0x0001d9       data   0x000000
          .udata___init.o      udata   0x0001d9       data   0x000000
          .idata___init.o      idata   0x0001d9       data   0x000000
          .udata_printf.o      udata   0x0001d9       data   0x000000
          .idata_printf.o      idata   0x0001d9       data   0x000000
            .idata_putc.o      idata   0x0001d9       data   0x000000
          .udata_stdout.o      udata   0x0001d9       data   0x000000
        .udata_vfprintf.o      udata   0x0001d9       data   0x000000
        .idata_vfprintf.o      idata   0x0001d9       data   0x000000
            .udata_putc.o      udata   0x0001d9       data   0x000000
           .idata_c018i.o      idata   0x0001d9       data   0x000000
         .udata_adcbusy.o      udata   0x0001d9       data   0x000000
         .idata_adcbusy.o      idata   0x0001d9       data   0x000000
         .udata_adcconv.o      udata   0x0001d9       data   0x000000
         .idata_adcconv.o      idata   0x0001d9       data   0x000000
        .udata_fxd3232u.o      udata   0x0001d9       data   0x000000
        .idata_fxd3232u.o      idata   0x0001d9       data   0x000000
         .udata_fxm3232.o      udata   0x0001d9       data   0x000000
         .idata_fxm3232.o      idata   0x0001d9       data   0x000000
         .udata_adcopen.o      udata   0x0001d9       data   0x000000
         .idata_adcopen.o      idata   0x0001d9       data   0x000000
         .udata_pw2open.o      udata   0x0001d9       data   0x000000
         .idata_pw2open.o      idata   0x0001d9       data   0x000000
          .udata_t1open.o      udata   0x0001d9       data   0x000000
          .idata_t1open.o      idata   0x0001d9       data   0x000000
          .udata_t2open.o      udata   0x0001d9       data   0x000000
                   .stack      udata   0x000300       data   0x000100
            SFR_UNBANKED0      udata   0x000f66       data   0x00009a



                              Program Memory Usage 
                               Start         End      
                           ---------   ---------      
                            0x000000    0x0026ca      
                            0x0026cc    0x002715      
                            0x300000    0x300003      
                            0x300005    0x300006      
            10011 out of 33048 program addresses used, program memory utilization is 30%



                              Symbols - Sorted by Name
                     Name    Address   Location    Storage File                     
                ---------  ---------  ---------  --------- ---------                
                  BusyADC   0x0026cc    program     extern C:\MCC18\v3_39\src\pmc_common\ADC\adcbusy.c
        CalcularVelocidad   0x0007c8    program     extern C:\Users\TERRAZA\Dropbox\CNC\SUPERPID\FIRMWARE MPLAB\SUPERPID.c
               ConvertADC   0x0026da    program     extern C:\MCC18\v3_39\src\pmc_common\ADC\adcconv.c
                   D100_1   0x00269a    program     static C:\MCC18\v3_39\src\traditional\delays\d100tcyx.asm
                    D100x   0x002698    program     static C:\MCC18\v3_39\src\traditional\delays\d100tcyx.asm
                   D10K_1   0x0025ce    program     static C:\MCC18\v3_39\src\traditional\delays\d10ktcyx.asm
                    D10Kl   0x0025da    program     static C:\MCC18\v3_39\src\traditional\delays\d10ktcyx.asm
                    D10Kx   0x0025cc    program     static C:\MCC18\v3_39\src\traditional\delays\d10ktcyx.asm
                    D1K_1   0x002620    program     static C:\MCC18\v3_39\src\traditional\delays\d1ktcyx.asm
                     D1Kx   0x00261e    program     static C:\MCC18\v3_39\src\traditional\delays\d1ktcyx.asm
             Delay100TCYx   0x00268c    program     extern C:\MCC18\v3_39\src\traditional\delays\d100tcyx.asm
             Delay10KTCYx   0x0025c2    program     extern C:\MCC18\v3_39\src\traditional\delays\d10ktcyx.asm
              Delay1KTCYx   0x002614    program     extern C:\MCC18\v3_39\src\traditional\delays\d1ktcyx.asm
                 FLO1632S   0x001abe    program     extern C:\MCC18\v3_39\src\traditional\math\cast16FP.asm
                 FLO1632U   0x001aba    program     extern C:\MCC18\v3_39\src\traditional\math\cast16FP.asm
                 FLO3232S   0x001ae8    program     extern C:\MCC18\v3_39\src\traditional\math\cast32FP.asm
                 FLO3232U   0x001ae4    program     extern C:\MCC18\v3_39\src\traditional\math\cast32FP.asm
                    FPA32   0x001b1c    program     extern C:\MCC18\v3_39\src\traditional\math\addFP.asm
                    FPD32   0x001c48    program     extern C:\MCC18\v3_39\src\traditional\math\divFP.asm
                    FPM32   0x001cee    program     extern C:\MCC18\v3_39\src\traditional\math\mulFP.asm
                    FPS32   0x001b1a    program     extern C:\MCC18\v3_39\src\traditional\math\addFP.asm
                 FXD3232U   0x0024c0    program     extern C:\MCC18\v3_39\src\traditional\math\fxd3232u.c
                 FXM1616S   0x002000    program     extern C:\MCC18\v3_39\src\traditional\math\fxm1616s.asm
                  FXM3232   0x00231e    program     extern C:\MCC18\v3_39\src\traditional\math\fxm3232.c
                  INT3216   0x001dc8    program     extern C:\MCC18\v3_39\src\traditional\math\castFP16.asm
     InterruptHandlerHigh   0x000302    program     extern C:\Users\TERRAZA\Dropbox\CNC\SUPERPID\FIRMWARE MPLAB\SUPERPID.c
      InterruptVectorHigh   0x000008    program     extern C:\Users\TERRAZA\Dropbox\CNC\SUPERPID\FIRMWARE MPLAB\SUPERPID.c
          LCD_INIT_STRING   0x0026d6    program     extern C:\Users\TERRAZA\Dropbox\CNC\SUPERPID\FIRMWARE MPLAB\flex_lcd_c18.c
                  OpenADC   0x00238e    program     extern C:\MCC18\v3_39\src\pmc_common\ADC\adcopen.c
                 OpenPWM2   0x0022a8    program     extern C:\MCC18\v3_39\src\pmc_common\PWM\pw2open.c
               OpenTimer1   0x00254a    program     extern C:\MCC18\v3_39\src\pmc_common\Timers\t1open.c
               OpenTimer2   0x00258c    program     extern C:\MCC18\v3_39\src\pmc_common\Timers\t2open.c
               OpenTimer3   0x002508    program     extern C:\MCC18\v3_39\src\pmc_common\Timers\t3open.c
                      PID   0x000878    program     extern C:\Users\TERRAZA\Dropbox\CNC\SUPERPID\FIRMWARE MPLAB\SUPERPID.c
                  ReadADC   0x0026a8    program     extern C:\MCC18\v3_39\src\pmc_common\ADC\adcread.c
                SetDCPWM2   0x002462    program     extern C:\MCC18\v3_39\src\pmc_common\PWM\pw2setdc.c
                  TAGTB32   0x001e26    program     extern C:\MCC18\v3_39\src\traditional\math\gtFP.asm
                  TALTB32   0x001e38    program     extern C:\MCC18\v3_39\src\traditional\math\ltFP.asm
               TSIGN1616A   0x00204c    program     static C:\MCC18\v3_39\src\traditional\math\fxm1616s.asm
                   _2jEnd   0x00244c    program     static C:\MCC18\v3_39\src\traditional\stdclib\slenpgm.asm
       _D100TCYXCODE_0008   0x002694    program     static C:\MCC18\v3_39\src\traditional\delays\d100tcyx.asm
       _D100TCYXCODE_0012   0x00269e    program     static C:\MCC18\v3_39\src\traditional\delays\d100tcyx.asm
       _D100TCYXCODE_0018   0x0026a4    program     static C:\MCC18\v3_39\src\traditional\delays\d100tcyx.asm
       _D10KTCYXCODE_0010   0x0025d2    program     static C:\MCC18\v3_39\src\traditional\delays\d10ktcyx.asm
       _D10KTCYXCODE_001C   0x0025de    program     static C:\MCC18\v3_39\src\traditional\delays\d10ktcyx.asm
        _D1KTCYXCODE_0010   0x002624    program     static C:\MCC18\v3_39\src\traditional\delays\d1ktcyx.asm
        _D1KTCYXCODE_0016   0x00262a    program     static C:\MCC18\v3_39\src\traditional\delays\d1ktcyx.asm
              __FpCompare   0x001e4a    program     extern C:\MCC18\v3_39\src\traditional\math\compFP.asm
                 __FpExit   0x001f00    program     extern C:\MCC18\v3_39\src\traditional\math\packFP.asm
                 __FpPack   0x001f2c    program     extern C:\MCC18\v3_39\src\traditional\math\packFP.asm
            __FpReturnNaN   0x001ef4    program     extern C:\MCC18\v3_39\src\traditional\math\packFP.asm
         __FpReturnNegInf   0x001f06    program     extern C:\MCC18\v3_39\src\traditional\math\packFP.asm
        __FpReturnNegZero   0x001f1e    program     extern C:\MCC18\v3_39\src\traditional\math\packFP.asm
         __FpReturnPosInf   0x001f0c    program     extern C:\MCC18\v3_39\src\traditional\math\packFP.asm
        __FpReturnPosZero   0x001f26    program     extern C:\MCC18\v3_39\src\traditional\math\packFP.asm
        __FpReturnSignInf   0x001f02    program     extern C:\MCC18\v3_39\src\traditional\math\packFP.asm
       __FpReturnSignZero   0x001f1a    program     extern C:\MCC18\v3_39\src\traditional\math\packFP.asm
              __FpReturnW   0x001f84    program     extern C:\MCC18\v3_39\src\traditional\math\packFP.asm
              __FpUnPackA   0x001fa4    program     extern C:\MCC18\v3_39\src\traditional\math\UnpackFP.asm
              __FpUnPackB   0x001fd4    program     extern C:\MCC18\v3_39\src\traditional\math\UnpackFP.asm
         ___else_lbl00002   0x0022e4    program     static                          
         ___else_lbl00003   0x0000c0    program     static                          
         ___else_lbl00004   0x0022f2    program     static                          
         ___else_lbl00033   0x000354    program     static                          
           ___if_lbl00001   0x0022e8    program     static                          
           ___if_lbl00002   0x0000c2    program     static                          
           ___if_lbl00003   0x0022f4    program     static                          
           ___if_lbl00031   0x00033c    program     static                          
           ___if_lbl00032   0x00036e    program     static                          
           ___if_lbl00034   0x000370    program     static                          
           ___if_lbl00035   0x000386    program     static                          
           ___if_lbl00036   0x000394    program     static                          
           ___if_lbl00037   0x00039c    program     static                          
       ___return_lbl00000   0x00238c    program     static                          
       ___return_lbl00000   0x002506    program     static                          
       ___return_lbl00000   0x000092    program     static                          
       ___return_lbl00000   0x002306    program     static                          
       ___return_lbl00000   0x000004    program     static                          
       ___return_lbl00001   0x0000dc    program     static                          
       ___return_lbl00001   0x00266e    program     static                          
       ___return_lbl00002   0x0020f6    program     static                          
       ___return_lbl00029   0x00000c    program     static                          
       ___return_lbl00030   0x00039e    program     static                          
               __config_0   0x300000    program     static C:\Users\TERRAZA\Dropbox\CNC\SUPERPID\FIRMWARE MPLAB\SUPERPID.c
               __config_1   0x300001    program     static C:\Users\TERRAZA\Dropbox\CNC\SUPERPID\FIRMWARE MPLAB\SUPERPID.c
               __config_2   0x300002    program     static C:\Users\TERRAZA\Dropbox\CNC\SUPERPID\FIRMWARE MPLAB\SUPERPID.c
               __config_3   0x300003    program     static C:\Users\TERRAZA\Dropbox\CNC\SUPERPID\FIRMWARE MPLAB\SUPERPID.c
               __config_4   0x300005    program     static C:\Users\TERRAZA\Dropbox\CNC\SUPERPID\FIRMWARE MPLAB\SUPERPID.c
               __config_5   0x300006    program     static C:\Users\TERRAZA\Dropbox\CNC\SUPERPID\FIRMWARE MPLAB\SUPERPID.c
                   __init   0x000006    program     extern C:\MCC18\v3_39\src\traditional\stdclib\__init.c
                   __pa_0   0x0017d8    program     static C:\MCC18\v3_39\src\traditional\stdclib\vfprintf.c
                   __pa_1   0x0017e0    program     static C:\MCC18\v3_39\src\traditional\stdclib\vfprintf.c
                  __pa_10   0x001894    program     static C:\MCC18\v3_39\src\traditional\stdclib\vfprintf.c
                  __pa_11   0x0018a2    program     static C:\MCC18\v3_39\src\traditional\stdclib\vfprintf.c
                  __pa_12   0x0018b8    program     static C:\MCC18\v3_39\src\traditional\stdclib\vfprintf.c
                  __pa_13   0x0018d2    program     static C:\MCC18\v3_39\src\traditional\stdclib\vfprintf.c
                  __pa_14   0x0018ea    program     static C:\MCC18\v3_39\src\traditional\stdclib\vfprintf.c
                  __pa_15   0x0018fa    program     static C:\MCC18\v3_39\src\traditional\stdclib\vfprintf.c
                  __pa_16   0x001910    program     static C:\MCC18\v3_39\src\traditional\stdclib\vfprintf.c
                  __pa_17   0x001922    program     static C:\MCC18\v3_39\src\traditional\stdclib\vfprintf.c
                  __pa_18   0x001934    program     static C:\MCC18\v3_39\src\traditional\stdclib\vfprintf.c
                  __pa_19   0x00193e    program     static C:\MCC18\v3_39\src\traditional\stdclib\vfprintf.c
                   __pa_2   0x0017ea    program     static C:\MCC18\v3_39\src\traditional\stdclib\vfprintf.c
                  __pa_20   0x00194e    program     static C:\MCC18\v3_39\src\traditional\stdclib\vfprintf.c
                  __pa_21   0x00195e    program     static C:\MCC18\v3_39\src\traditional\stdclib\vfprintf.c
                  __pa_22   0x00196e    program     static C:\MCC18\v3_39\src\traditional\stdclib\vfprintf.c
                  __pa_23   0x00197a    program     static C:\MCC18\v3_39\src\traditional\stdclib\vfprintf.c
                  __pa_24   0x001988    program     static C:\MCC18\v3_39\src\traditional\stdclib\vfprintf.c
                  __pa_25   0x001990    program     static C:\MCC18\v3_39\src\traditional\stdclib\vfprintf.c
                  __pa_26   0x00199a    program     static C:\MCC18\v3_39\src\traditional\stdclib\vfprintf.c
                  __pa_27   0x0019a4    program     static C:\MCC18\v3_39\src\traditional\stdclib\vfprintf.c
                  __pa_28   0x0019ac    program     static C:\MCC18\v3_39\src\traditional\stdclib\vfprintf.c
                  __pa_29   0x0019ba    program     static C:\MCC18\v3_39\src\traditional\stdclib\vfprintf.c
                   __pa_3   0x0017f4    program     static C:\MCC18\v3_39\src\traditional\stdclib\vfprintf.c
                  __pa_30   0x0019d6    program     static C:\MCC18\v3_39\src\traditional\stdclib\vfprintf.c
                  __pa_31   0x0019f0    program     static C:\MCC18\v3_39\src\traditional\stdclib\vfprintf.c
                  __pa_32   0x001a0a    program     static C:\MCC18\v3_39\src\traditional\stdclib\vfprintf.c
                  __pa_33   0x001a22    program     static C:\MCC18\v3_39\src\traditional\stdclib\vfprintf.c
                  __pa_34   0x001a2c    program     static C:\MCC18\v3_39\src\traditional\stdclib\vfprintf.c
                  __pa_35   0x001a3a    program     static C:\MCC18\v3_39\src\traditional\stdclib\vfprintf.c
                  __pa_36   0x001a42    program     static C:\MCC18\v3_39\src\traditional\stdclib\vfprintf.c
                  __pa_37   0x001a4c    program     static C:\MCC18\v3_39\src\traditional\stdclib\vfprintf.c
                  __pa_38   0x001a5c    program     static C:\MCC18\v3_39\src\traditional\stdclib\vfprintf.c
                  __pa_39   0x001a6a    program     static C:\MCC18\v3_39\src\traditional\stdclib\vfprintf.c
                   __pa_4   0x00180c    program     static C:\MCC18\v3_39\src\traditional\stdclib\vfprintf.c
                  __pa_40   0x001a76    program     static C:\MCC18\v3_39\src\traditional\stdclib\vfprintf.c
                  __pa_41   0x001a82    program     static C:\MCC18\v3_39\src\traditional\stdclib\vfprintf.c
                  __pa_42   0x001a8a    program     static C:\MCC18\v3_39\src\traditional\stdclib\vfprintf.c
                  __pa_43   0x001a94    program     static C:\MCC18\v3_39\src\traditional\stdclib\vfprintf.c
                  __pa_44   0x001a9a    program     static C:\MCC18\v3_39\src\traditional\stdclib\vfprintf.c
                  __pa_45   0x001aa4    program     static C:\MCC18\v3_39\src\traditional\stdclib\vfprintf.c
                  __pa_46   0x001ab0    program     static C:\MCC18\v3_39\src\traditional\stdclib\vfprintf.c
                   __pa_5   0x001820    program     static C:\MCC18\v3_39\src\traditional\stdclib\vfprintf.c
                   __pa_6   0x00183c    program     static C:\MCC18\v3_39\src\traditional\stdclib\vfprintf.c
                   __pa_7   0x001846    program     static C:\MCC18\v3_39\src\traditional\stdclib\vfprintf.c
                   __pa_8   0x001852    program     static C:\MCC18\v3_39\src\traditional\stdclib\vfprintf.c
                   __pa_9   0x001874    program     static C:\MCC18\v3_39\src\traditional\stdclib\vfprintf.c
               __string_0   0x002222    program     static C:\Users\TERRAZA\Dropbox\CNC\SUPERPID\FIRMWARE MPLAB\SUPERPID.c
               __string_1   0x002214    program     static C:\Users\TERRAZA\Dropbox\CNC\SUPERPID\FIRMWARE MPLAB\SUPERPID.c
              __string_10   0x002190    program     static C:\Users\TERRAZA\Dropbox\CNC\SUPERPID\FIRMWARE MPLAB\SUPERPID.c
               __string_2   0x002206    program     static C:\Users\TERRAZA\Dropbox\CNC\SUPERPID\FIRMWARE MPLAB\SUPERPID.c
               __string_3   0x0021f4    program     static C:\Users\TERRAZA\Dropbox\CNC\SUPERPID\FIRMWARE MPLAB\SUPERPID.c
               __string_4   0x0021e3    program     static C:\Users\TERRAZA\Dropbox\CNC\SUPERPID\FIRMWARE MPLAB\SUPERPID.c
               __string_5   0x0021d2    program     static C:\Users\TERRAZA\Dropbox\CNC\SUPERPID\FIRMWARE MPLAB\SUPERPID.c
               __string_6   0x0021c1    program     static C:\Users\TERRAZA\Dropbox\CNC\SUPERPID\FIRMWARE MPLAB\SUPERPID.c
               __string_7   0x0021b1    program     static C:\Users\TERRAZA\Dropbox\CNC\SUPERPID\FIRMWARE MPLAB\SUPERPID.c
               __string_8   0x0021a2    program     static C:\Users\TERRAZA\Dropbox\CNC\SUPERPID\FIRMWARE MPLAB\SUPERPID.c
               __string_9   0x002197    program     static C:\Users\TERRAZA\Dropbox\CNC\SUPERPID\FIRMWARE MPLAB\SUPERPID.c
               __tmplbl_0   0x00003c    program     static                          
               __tmplbl_1   0x000038    program     static                          
               __tmplbl_2   0x000052    program     static                          
               __tmplbl_3   0x00004e    program     static                          
               __tmplbl_4   0x000068    program     static                          
              __tmplbl_42   0x00196e    program     static                          
              __tmplbl_43   0x0017b6    program     static                          
              __tmplbl_44   0x00179c    program     static                          
               __tmplbl_5   0x000064    program     static                          
               __tmplbl_6   0x00007e    program     static                          
               __tmplbl_7   0x00007a    program     static                          
              __tmplbl_85   0x000eee    program     static                          
            __zero_memory   0x002634    program     extern C:\MCC18\v3_39\src\traditional\proc\p18F2550.asm
                _do_cinit   0x00205a    program     extern C:\MCC18\v3_39\src\traditional\startup\c018i.c
                   _entry   0x000000    program     extern C:\MCC18\v3_39\src\traditional\startup\c018i.c
                   _false   0x002502    program     static                          
                 _startup   0x002654    program     extern C:\MCC18\v3_39\src\traditional\startup\c018i.c
              _usart_putc   0x002670    program     extern C:\MCC18\v3_39\src\pmc_common\USART\_usartpc.asm
               _user_putc   0x0002e8    program     extern C:\Users\TERRAZA\Dropbox\CNC\SUPERPID\FIRMWARE MPLAB\flex_lcd_c18.c
                compare_l   0x00264a    program     static C:\MCC18\v3_39\src\traditional\proc\p18F2550.asm
                copy_loop   0x0020cc    program     static                          
            copy_one_byte   0x0020d2    program     static                          
                     done   0x0020f6    program     static                          
             done_copying   0x0020e0    program     static                          
                     init   0x0006c6    program     extern C:\Users\TERRAZA\Dropbox\CNC\SUPERPID\FIRMWARE MPLAB\SUPERPID.c
                  isdigit   0x0025f0    program     extern C:\MCC18\v3_39\src\traditional\stdclib\isdigit.asm
                 jANotInf   0x001c66    program     static C:\MCC18\v3_39\src\traditional\math\divFP.asm
                 jANotInf   0x001b44    program     static C:\MCC18\v3_39\src\traditional\math\addFP.asm
                 jANotInf   0x001d0c    program     static C:\MCC18\v3_39\src\traditional\math\mulFP.asm
                 jANotNeg   0x001bd8    program     static C:\MCC18\v3_39\src\traditional\math\addFP.asm
                jANotZero   0x001c7a    program     static C:\MCC18\v3_39\src\traditional\math\divFP.asm
              jAandWsetup   0x001ba8    program     static C:\MCC18\v3_39\src\traditional\math\addFP.asm
                  jAisNeg   0x001ec6    program     static C:\MCC18\v3_39\src\traditional\math\compFP.asm
                 jAltBexp   0x001b96    program     static C:\MCC18\v3_39\src\traditional\math\addFP.asm
                jBANotInf   0x001b3a    program     static C:\MCC18\v3_39\src\traditional\math\addFP.asm
                 jBNotInf   0x001b52    program     static C:\MCC18\v3_39\src\traditional\math\addFP.asm
              jBothFinite   0x001d1a    program     static C:\MCC18\v3_39\src\traditional\math\mulFP.asm
             jBothNotZero   0x001e68    program     static C:\MCC18\v3_39\src\traditional\math\compFP.asm
             jBothNotZero   0x001d26    program     static C:\MCC18\v3_39\src\traditional\math\mulFP.asm
            jDifOrPosSign   0x001b66    program     static C:\MCC18\v3_39\src\traditional\math\addFP.asm
                      jEQ   0x001e84    program     static C:\MCC18\v3_39\src\traditional\math\compFP.asm
                     jEnd   0x00244e    program     static C:\MCC18\v3_39\src\traditional\stdclib\slenpgm.asm
                     jEnd   0x002416    program     static C:\MCC18\v3_39\src\traditional\stdclib\strlen.asm
                    jExch   0x001e90    program     static C:\MCC18\v3_39\src\traditional\math\compFP.asm
                    jExit   0x001e24    program     static C:\MCC18\v3_39\src\traditional\math\castFP16.asm
                   jExpEQ   0x001ed6    program     static C:\MCC18\v3_39\src\traditional\math\compFP.asm
                   jFinal   0x001eba    program     static C:\MCC18\v3_39\src\traditional\math\compFP.asm
               jFinalSign   0x001c40    program     static C:\MCC18\v3_39\src\traditional\math\addFP.asm
                jHaveZero   0x001d22    program     static C:\MCC18\v3_39\src\traditional\math\mulFP.asm
                jI2F16Beg   0x001ace    program     static C:\MCC18\v3_39\src\traditional\math\cast16FP.asm
                jI2F32Beg   0x001b00    program     static C:\MCC18\v3_39\src\traditional\math\cast32FP.asm
                    jLoop   0x00240c    program     static C:\MCC18\v3_39\src\traditional\stdclib\strlen.asm
                    jLoop   0x001ca2    program     static C:\MCC18\v3_39\src\traditional\math\divFP.asm
                    jLoop   0x001e04    program     static C:\MCC18\v3_39\src\traditional\math\castFP16.asm
                    jLoop   0x002436    program     static C:\MCC18\v3_39\src\traditional\stdclib\slenpgm.asm
                jLoopExit   0x001e14    program     static C:\MCC18\v3_39\src\traditional\math\castFP16.asm
                   jMatch   0x002610    program     static C:\MCC18\v3_39\src\traditional\stdclib\isdigit.asm
                     jMax   0x001dd8    program     static C:\MCC18\v3_39\src\traditional\math\castFP16.asm
                  jMaxNeg   0x001de6    program     static C:\MCC18\v3_39\src\traditional\math\castFP16.asm
                  jMaxPos   0x001ddc    program     static C:\MCC18\v3_39\src\traditional\math\castFP16.asm
                      jNE   0x001e88    program     static C:\MCC18\v3_39\src\traditional\math\compFP.asm
                    jNext   0x001cc8    program     static C:\MCC18\v3_39\src\traditional\math\divFP.asm
                jNoAdjust   0x001cc6    program     static C:\MCC18\v3_39\src\traditional\math\divFP.asm
                  jNoExch   0x001eb0    program     static C:\MCC18\v3_39\src\traditional\math\compFP.asm
                 jNoMatch   0x002612    program     static C:\MCC18\v3_39\src\traditional\stdclib\isdigit.asm
             jNotBothZero   0x001b6a    program     static C:\MCC18\v3_39\src\traditional\math\addFP.asm
                  jNotInf   0x001df4    program     static C:\MCC18\v3_39\src\traditional\math\castFP16.asm
                  jPkLoop   0x001f3a    program     static C:\MCC18\v3_39\src\traditional\math\packFP.asm
             jPkRoundDone   0x001f84    program     static C:\MCC18\v3_39\src\traditional\math\packFP.asm
               jPkRoundIt   0x001f6c    program     static C:\MCC18\v3_39\src\traditional\math\packFP.asm
             jPkShiftDone   0x001f56    program     static C:\MCC18\v3_39\src\traditional\math\packFP.asm
           jReturnPosInf0   0x001f10    program     static C:\MCC18\v3_39\src\traditional\math\packFP.asm
                  jRotate   0x001ee2    program     static C:\MCC18\v3_39\src\traditional\math\compFP.asm
                   jShift   0x001ecc    program     static C:\MCC18\v3_39\src\traditional\math\compFP.asm
               jShiftDone   0x001c00    program     static C:\MCC18\v3_39\src\traditional\math\addFP.asm
               jShiftLoop   0x001bf2    program     static C:\MCC18\v3_39\src\traditional\math\addFP.asm
                jSignDone   0x001c30    program     static C:\MCC18\v3_39\src\traditional\math\addFP.asm
              jSignedZero   0x001c70    program     static C:\MCC18\v3_39\src\traditional\math\divFP.asm
                 jSignsEQ   0x001e6c    program     static C:\MCC18\v3_39\src\traditional\math\compFP.asm
                  jUnpkA1   0x001fae    program     static C:\MCC18\v3_39\src\traditional\math\UnpackFP.asm
                  jUnpkA2   0x001fc6    program     static C:\MCC18\v3_39\src\traditional\math\UnpackFP.asm
                 jUnpkANZ   0x001fbc    program     static C:\MCC18\v3_39\src\traditional\math\UnpackFP.asm
                  jUnpkB1   0x001fde    program     static C:\MCC18\v3_39\src\traditional\math\UnpackFP.asm
                  jUnpkB2   0x001ff6    program     static C:\MCC18\v3_39\src\traditional\math\UnpackFP.asm
                 jUnpkBNZ   0x001fec    program     static C:\MCC18\v3_39\src\traditional\math\UnpackFP.asm
                 jUnpkNaN   0x001fd0    program     static C:\MCC18\v3_39\src\traditional\math\UnpackFP.asm
                 jWNotNeg   0x001bec    program     static C:\MCC18\v3_39\src\traditional\math\addFP.asm
                    jZero   0x001dee    program     static C:\MCC18\v3_39\src\traditional\math\castFP16.asm
               jZero1and2   0x001f14    program     static C:\MCC18\v3_39\src\traditional\math\packFP.asm
                     jump   0x00039c    program     static                          
               lcd_comand   0x000222    program     extern C:\Users\TERRAZA\Dropbox\CNC\SUPERPID\FIRMWARE MPLAB\flex_lcd_c18.c
               lcd_gotoxy   0x00018e    program     extern C:\Users\TERRAZA\Dropbox\CNC\SUPERPID\FIRMWARE MPLAB\flex_lcd_c18.c
                 lcd_init   0x0000e4    program     extern C:\Users\TERRAZA\Dropbox\CNC\SUPERPID\FIRMWARE MPLAB\flex_lcd_c18.c
                 lcd_putc   0x0001c4    program     extern C:\Users\TERRAZA\Dropbox\CNC\SUPERPID\FIRMWARE MPLAB\flex_lcd_c18.c
                lcd_putrs   0x0002a8    program     extern C:\Users\TERRAZA\Dropbox\CNC\SUPERPID\FIRMWARE MPLAB\flex_lcd_c18.c
                 lcd_puts   0x00026c    program     extern C:\Users\TERRAZA\Dropbox\CNC\SUPERPID\FIRMWARE MPLAB\flex_lcd_c18.c
            lcd_send_byte   0x00009a    program     extern C:\Users\TERRAZA\Dropbox\CNC\SUPERPID\FIRMWARE MPLAB\flex_lcd_c18.c
          lcd_send_nibble   0x000028    program     extern C:\Users\TERRAZA\Dropbox\CNC\SUPERPID\FIRMWARE MPLAB\flex_lcd_c18.c
         lcd_setcursor_vb   0x000240    program     extern C:\Users\TERRAZA\Dropbox\CNC\SUPERPID\FIRMWARE MPLAB\flex_lcd_c18.c
                     loop   0x002680    program     static C:\MCC18\v3_39\src\pmc_common\USART\_usartpc.asm
                     loop   0x002664    program     static                          
                     loop   0x0024ce    program     static                          
                   loop_h   0x002642    program     static C:\MCC18\v3_39\src\traditional\proc\p18F2550.asm
                   loop_l   0x00264c    program     static C:\MCC18\v3_39\src\traditional\proc\p18F2550.asm
                     main   0x0003a6    program     extern C:\Users\TERRAZA\Dropbox\CNC\SUPERPID\FIRMWARE MPLAB\SUPERPID.c
                   printf   0x0020f8    program     extern C:\MCC18\v3_39\src\traditional\stdclib\printf.c
                     putc   0x002224    program     extern C:\MCC18\v3_39\src\traditional\stdclib\putc.c
                 s_digits   0x0026ba    program     static C:\MCC18\v3_39\src\traditional\stdclib\vfprintf.c
            s_put_n_chars   0x000e98    program     static C:\MCC18\v3_39\src\traditional\stdclib\vfprintf.c
                   strlen   0x0023fc    program     extern C:\MCC18\v3_39\src\traditional\stdclib\strlen.asm
                strlenpgm   0x002418    program     extern C:\MCC18\v3_39\src\traditional\stdclib\slenpgm.asm
                     test   0x002074    program     static                          
                   testAC   0x000cfc    program     extern C:\Users\TERRAZA\Dropbox\CNC\SUPERPID\FIRMWARE MPLAB\SUPERPID.c
                 vfprintf   0x000ec4    program     extern C:\MCC18\v3_39\src\traditional\stdclib\vfprintf.c
               zero_block   0x002642    program     static C:\MCC18\v3_39\src\traditional\proc\p18F2550.asm
                   ADCON0   0x000fc2       data     extern C:\MCC18\v3_39\src\traditional\proc\p18F2550.asm
               ADCON0bits   0x000fc2       data     extern C:\MCC18\v3_39\src\traditional\proc\p18F2550.asm
                   ADCON1   0x000fc1       data     extern C:\MCC18\v3_39\src\traditional\proc\p18F2550.asm
               ADCON1bits   0x000fc1       data     extern C:\MCC18\v3_39\src\traditional\proc\p18F2550.asm
                   ADCON2   0x000fc0       data     extern C:\MCC18\v3_39\src\traditional\proc\p18F2550.asm
               ADCON2bits   0x000fc0       data     extern C:\MCC18\v3_39\src\traditional\proc\p18F2550.asm
                    ADRES   0x000fc3       data     extern C:\MCC18\v3_39\src\traditional\proc\p18F2550.asm
                   ADRESH   0x000fc4       data     extern C:\MCC18\v3_39\src\traditional\proc\p18F2550.asm
                   ADRESL   0x000fc3       data     extern C:\MCC18\v3_39\src\traditional\proc\p18F2550.asm
          Actual_LCD_page   0x000103       data     extern C:\Users\TERRAZA\Dropbox\CNC\SUPERPID\FIRMWARE MPLAB\flex_lcd_c18.c
                  BAUDCON   0x000fb8       data     extern C:\MCC18\v3_39\src\traditional\proc\p18F2550.asm
              BAUDCONbits   0x000fb8       data     extern C:\MCC18\v3_39\src\traditional\proc\p18F2550.asm
                  BAUDCTL   0x000fb8       data     extern C:\MCC18\v3_39\src\traditional\proc\p18F2550.asm
              BAUDCTLbits   0x000fb8       data     extern C:\MCC18\v3_39\src\traditional\proc\p18F2550.asm
                      BSR   0x000fe0       data     extern C:\MCC18\v3_39\src\traditional\proc\p18F2550.asm
                   CCP1AS   0x000fb6       data     extern C:\MCC18\v3_39\src\traditional\proc\p18F2550.asm
               CCP1ASbits   0x000fb6       data     extern C:\MCC18\v3_39\src\traditional\proc\p18F2550.asm
                  CCP1CON   0x000fbd       data     extern C:\MCC18\v3_39\src\traditional\proc\p18F2550.asm
              CCP1CONbits   0x000fbd       data     extern C:\MCC18\v3_39\src\traditional\proc\p18F2550.asm
                  CCP1DEL   0x000fb7       data     extern C:\MCC18\v3_39\src\traditional\proc\p18F2550.asm
              CCP1DELbits   0x000fb7       data     extern C:\MCC18\v3_39\src\traditional\proc\p18F2550.asm
                  CCP2CON   0x000fba       data     extern C:\MCC18\v3_39\src\traditional\proc\p18F2550.asm
              CCP2CONbits   0x000fba       data     extern C:\MCC18\v3_39\src\traditional\proc\p18F2550.asm
                    CCPR1   0x000fbe       data     extern C:\MCC18\v3_39\src\traditional\proc\p18F2550.asm
                   CCPR1H   0x000fbf       data     extern C:\MCC18\v3_39\src\traditional\proc\p18F2550.asm
                   CCPR1L   0x000fbe       data     extern C:\MCC18\v3_39\src\traditional\proc\p18F2550.asm
                    CCPR2   0x000fbb       data     extern C:\MCC18\v3_39\src\traditional\proc\p18F2550.asm
                   CCPR2H   0x000fbc       data     extern C:\MCC18\v3_39\src\traditional\proc\p18F2550.asm
                   CCPR2L   0x000fbb       data     extern C:\MCC18\v3_39\src\traditional\proc\p18F2550.asm
                    CCP_1   0x000072       data     extern C:\Users\TERRAZA\Dropbox\CNC\SUPERPID\FIRMWARE MPLAB\SUPERPID.c
                    CMCON   0x000fb4       data     extern C:\MCC18\v3_39\src\traditional\proc\p18F2550.asm
                CMCONbits   0x000fb4       data     extern C:\MCC18\v3_39\src\traditional\proc\p18F2550.asm
                   CVRCON   0x000fb5       data     extern C:\MCC18\v3_39\src\traditional\proc\p18F2550.asm
               CVRCONbits   0x000fb5       data     extern C:\MCC18\v3_39\src\traditional\proc\p18F2550.asm
                     DDRA   0x000f92       data     extern C:\MCC18\v3_39\src\traditional\proc\p18F2550.asm
                 DDRAbits   0x000f92       data     extern C:\MCC18\v3_39\src\traditional\proc\p18F2550.asm
                     DDRB   0x000f93       data     extern C:\MCC18\v3_39\src\traditional\proc\p18F2550.asm
                 DDRBbits   0x000f93       data     extern C:\MCC18\v3_39\src\traditional\proc\p18F2550.asm
                     DDRC   0x000f94       data     extern C:\MCC18\v3_39\src\traditional\proc\p18F2550.asm
                 DDRCbits   0x000f94       data     extern C:\MCC18\v3_39\src\traditional\proc\p18F2550.asm
            DelayCounter1   0x00002b       data     extern C:\MCC18\v3_39\src\traditional\delays\delayd1.asm
            DelayCounter2   0x00002a       data     extern C:\MCC18\v3_39\src\traditional\delays\delayd2.asm
                  ECCP1AS   0x000fb6       data     extern C:\MCC18\v3_39\src\traditional\proc\p18F2550.asm
              ECCP1ASbits   0x000fb6       data     extern C:\MCC18\v3_39\src\traditional\proc\p18F2550.asm
                 ECCP1DEL   0x000fb7       data     extern C:\MCC18\v3_39\src\traditional\proc\p18F2550.asm
             ECCP1DELbits   0x000fb7       data     extern C:\MCC18\v3_39\src\traditional\proc\p18F2550.asm
                    EEADR   0x000fa9       data     extern C:\MCC18\v3_39\src\traditional\proc\p18F2550.asm
                   EECON1   0x000fa6       data     extern C:\MCC18\v3_39\src\traditional\proc\p18F2550.asm
               EECON1bits   0x000fa6       data     extern C:\MCC18\v3_39\src\traditional\proc\p18F2550.asm
                   EECON2   0x000fa7       data     extern C:\MCC18\v3_39\src\traditional\proc\p18F2550.asm
                   EEDATA   0x000fa8       data     extern C:\MCC18\v3_39\src\traditional\proc\p18F2550.asm
                     FSR0   0x000fe9       data     extern C:\MCC18\v3_39\src\traditional\proc\p18F2550.asm
                    FSR0H   0x000fea       data     extern C:\MCC18\v3_39\src\traditional\proc\p18F2550.asm
                    FSR0L   0x000fe9       data     extern C:\MCC18\v3_39\src\traditional\proc\p18F2550.asm
                     FSR1   0x000fe1       data     extern C:\MCC18\v3_39\src\traditional\proc\p18F2550.asm
                    FSR1H   0x000fe2       data     extern C:\MCC18\v3_39\src\traditional\proc\p18F2550.asm
                    FSR1L   0x000fe1       data     extern C:\MCC18\v3_39\src\traditional\proc\p18F2550.asm
                     FSR2   0x000fd9       data     extern C:\MCC18\v3_39\src\traditional\proc\p18F2550.asm
                    FSR2H   0x000fda       data     extern C:\MCC18\v3_39\src\traditional\proc\p18F2550.asm
                    FSR2L   0x000fd9       data     extern C:\MCC18\v3_39\src\traditional\proc\p18F2550.asm
                  HLVDCON   0x000fd2       data     extern C:\MCC18\v3_39\src\traditional\proc\p18F2550.asm
              HLVDCONbits   0x000fd2       data     extern C:\MCC18\v3_39\src\traditional\proc\p18F2550.asm
                    INDF0   0x000fef       data     extern C:\MCC18\v3_39\src\traditional\proc\p18F2550.asm
                    INDF1   0x000fe7       data     extern C:\MCC18\v3_39\src\traditional\proc\p18F2550.asm
                    INDF2   0x000fdf       data     extern C:\MCC18\v3_39\src\traditional\proc\p18F2550.asm
                   INTCON   0x000ff2       data     extern C:\MCC18\v3_39\src\traditional\proc\p18F2550.asm
                  INTCON2   0x000ff1       data     extern C:\MCC18\v3_39\src\traditional\proc\p18F2550.asm
              INTCON2bits   0x000ff1       data     extern C:\MCC18\v3_39\src\traditional\proc\p18F2550.asm
                  INTCON3   0x000ff0       data     extern C:\MCC18\v3_39\src\traditional\proc\p18F2550.asm
              INTCON3bits   0x000ff0       data     extern C:\MCC18\v3_39\src\traditional\proc\p18F2550.asm
               INTCONbits   0x000ff2       data     extern C:\MCC18\v3_39\src\traditional\proc\p18F2550.asm
                     IPR1   0x000f9f       data     extern C:\MCC18\v3_39\src\traditional\proc\p18F2550.asm
                 IPR1bits   0x000f9f       data     extern C:\MCC18\v3_39\src\traditional\proc\p18F2550.asm
                     IPR2   0x000fa2       data     extern C:\MCC18\v3_39\src\traditional\proc\p18F2550.asm
                 IPR2bits   0x000fa2       data     extern C:\MCC18\v3_39\src\traditional\proc\p18F2550.asm
                     LATA   0x000f89       data     extern C:\MCC18\v3_39\src\traditional\proc\p18F2550.asm
                 LATAbits   0x000f89       data     extern C:\MCC18\v3_39\src\traditional\proc\p18F2550.asm
                     LATB   0x000f8a       data     extern C:\MCC18\v3_39\src\traditional\proc\p18F2550.asm
                 LATBbits   0x000f8a       data     extern C:\MCC18\v3_39\src\traditional\proc\p18F2550.asm
                     LATC   0x000f8b       data     extern C:\MCC18\v3_39\src\traditional\proc\p18F2550.asm
                 LATCbits   0x000f8b       data     extern C:\MCC18\v3_39\src\traditional\proc\p18F2550.asm
                   LVDCON   0x000fd2       data     extern C:\MCC18\v3_39\src\traditional\proc\p18F2550.asm
               LVDCONbits   0x000fd2       data     extern C:\MCC18\v3_39\src\traditional\proc\p18F2550.asm
                   OSCCON   0x000fd3       data     extern C:\MCC18\v3_39\src\traditional\proc\p18F2550.asm
               OSCCONbits   0x000fd3       data     extern C:\MCC18\v3_39\src\traditional\proc\p18F2550.asm
                  OSCTUNE   0x000f9b       data     extern C:\MCC18\v3_39\src\traditional\proc\p18F2550.asm
              OSCTUNEbits   0x000f9b       data     extern C:\MCC18\v3_39\src\traditional\proc\p18F2550.asm
                       PC   0x000ff9       data     extern C:\MCC18\v3_39\src\traditional\proc\p18F2550.asm
                      PCL   0x000ff9       data     extern C:\MCC18\v3_39\src\traditional\proc\p18F2550.asm
                   PCLATH   0x000ffa       data     extern C:\MCC18\v3_39\src\traditional\proc\p18F2550.asm
                   PCLATU   0x000ffb       data     extern C:\MCC18\v3_39\src\traditional\proc\p18F2550.asm
                     PIE1   0x000f9d       data     extern C:\MCC18\v3_39\src\traditional\proc\p18F2550.asm
                 PIE1bits   0x000f9d       data     extern C:\MCC18\v3_39\src\traditional\proc\p18F2550.asm
                     PIE2   0x000fa0       data     extern C:\MCC18\v3_39\src\traditional\proc\p18F2550.asm
                 PIE2bits   0x000fa0       data     extern C:\MCC18\v3_39\src\traditional\proc\p18F2550.asm
                     PIR1   0x000f9e       data     extern C:\MCC18\v3_39\src\traditional\proc\p18F2550.asm
                 PIR1bits   0x000f9e       data     extern C:\MCC18\v3_39\src\traditional\proc\p18F2550.asm
                     PIR2   0x000fa1       data     extern C:\MCC18\v3_39\src\traditional\proc\p18F2550.asm
                 PIR2bits   0x000fa1       data     extern C:\MCC18\v3_39\src\traditional\proc\p18F2550.asm
                   PLUSW0   0x000feb       data     extern C:\MCC18\v3_39\src\traditional\proc\p18F2550.asm
                   PLUSW1   0x000fe3       data     extern C:\MCC18\v3_39\src\traditional\proc\p18F2550.asm
                   PLUSW2   0x000fdb       data     extern C:\MCC18\v3_39\src\traditional\proc\p18F2550.asm
                    PORTA   0x000f80       data     extern C:\MCC18\v3_39\src\traditional\proc\p18F2550.asm
                PORTAbits   0x000f80       data     extern C:\MCC18\v3_39\src\traditional\proc\p18F2550.asm
                    PORTB   0x000f81       data     extern C:\MCC18\v3_39\src\traditional\proc\p18F2550.asm
                PORTBbits   0x000f81       data     extern C:\MCC18\v3_39\src\traditional\proc\p18F2550.asm
                    PORTC   0x000f82       data     extern C:\MCC18\v3_39\src\traditional\proc\p18F2550.asm
                PORTCbits   0x000f82       data     extern C:\MCC18\v3_39\src\traditional\proc\p18F2550.asm
                    PORTE   0x000f84       data     extern C:\MCC18\v3_39\src\traditional\proc\p18F2550.asm
                PORTEbits   0x000f84       data     extern C:\MCC18\v3_39\src\traditional\proc\p18F2550.asm
                 POSTDEC0   0x000fed       data     extern C:\MCC18\v3_39\src\traditional\proc\p18F2550.asm
                 POSTDEC1   0x000fe5       data     extern C:\MCC18\v3_39\src\traditional\proc\p18F2550.asm
                 POSTDEC2   0x000fdd       data     extern C:\MCC18\v3_39\src\traditional\proc\p18F2550.asm
                 POSTINC0   0x000fee       data     extern C:\MCC18\v3_39\src\traditional\proc\p18F2550.asm
                 POSTINC1   0x000fe6       data     extern C:\MCC18\v3_39\src\traditional\proc\p18F2550.asm
                 POSTINC2   0x000fde       data     extern C:\MCC18\v3_39\src\traditional\proc\p18F2550.asm
                      PR2   0x000fcb       data     extern C:\MCC18\v3_39\src\traditional\proc\p18F2550.asm
                  PREINC0   0x000fec       data     extern C:\MCC18\v3_39\src\traditional\proc\p18F2550.asm
                  PREINC1   0x000fe4       data     extern C:\MCC18\v3_39\src\traditional\proc\p18F2550.asm
                  PREINC2   0x000fdc       data     extern C:\MCC18\v3_39\src\traditional\proc\p18F2550.asm
                     PROD   0x000ff3       data     extern C:\MCC18\v3_39\src\traditional\proc\p18F2550.asm
                    PRODH   0x000ff4       data     extern C:\MCC18\v3_39\src\traditional\proc\p18F2550.asm
                    PRODL   0x000ff3       data     extern C:\MCC18\v3_39\src\traditional\proc\p18F2550.asm
                     RCON   0x000fd0       data     extern C:\MCC18\v3_39\src\traditional\proc\p18F2550.asm
                 RCONbits   0x000fd0       data     extern C:\MCC18\v3_39\src\traditional\proc\p18F2550.asm
                    RCREG   0x000fae       data     extern C:\MCC18\v3_39\src\traditional\proc\p18F2550.asm
                    RCSTA   0x000fab       data     extern C:\MCC18\v3_39\src\traditional\proc\p18F2550.asm
                RCSTAbits   0x000fab       data     extern C:\MCC18\v3_39\src\traditional\proc\p18F2550.asm
                      RPM   0x00006c       data     extern C:\Users\TERRAZA\Dropbox\CNC\SUPERPID\FIRMWARE MPLAB\SUPERPID.c
                     SIGN   0x00000e       data     extern C:\MCC18\v3_39\src\traditional\math\cmath18.asm
                    SPBRG   0x000faf       data     extern C:\MCC18\v3_39\src\traditional\proc\p18F2550.asm
                   SPBRGH   0x000fb0       data     extern C:\MCC18\v3_39\src\traditional\proc\p18F2550.asm
                   SSPADD   0x000fc8       data     extern C:\MCC18\v3_39\src\traditional\proc\p18F2550.asm
                   SSPBUF   0x000fc9       data     extern C:\MCC18\v3_39\src\traditional\proc\p18F2550.asm
                  SSPCON1   0x000fc6       data     extern C:\MCC18\v3_39\src\traditional\proc\p18F2550.asm
              SSPCON1bits   0x000fc6       data     extern C:\MCC18\v3_39\src\traditional\proc\p18F2550.asm
                  SSPCON2   0x000fc5       data     extern C:\MCC18\v3_39\src\traditional\proc\p18F2550.asm
              SSPCON2bits   0x000fc5       data     extern C:\MCC18\v3_39\src\traditional\proc\p18F2550.asm
                  SSPSTAT   0x000fc7       data     extern C:\MCC18\v3_39\src\traditional\proc\p18F2550.asm
              SSPSTATbits   0x000fc7       data     extern C:\MCC18\v3_39\src\traditional\proc\p18F2550.asm
                   STATUS   0x000fd8       data     extern C:\MCC18\v3_39\src\traditional\proc\p18F2550.asm
               STATUSbits   0x000fd8       data     extern C:\MCC18\v3_39\src\traditional\proc\p18F2550.asm
                   STKPTR   0x000ffc       data     extern C:\MCC18\v3_39\src\traditional\proc\p18F2550.asm
               STKPTRbits   0x000ffc       data     extern C:\MCC18\v3_39\src\traditional\proc\p18F2550.asm
                Semiciclo   0x000074       data     extern C:\Users\TERRAZA\Dropbox\CNC\SUPERPID\FIRMWARE MPLAB\SUPERPID.c
                    T0CON   0x000fd5       data     extern C:\MCC18\v3_39\src\traditional\proc\p18F2550.asm
                T0CONbits   0x000fd5       data     extern C:\MCC18\v3_39\src\traditional\proc\p18F2550.asm
                    T1CON   0x000fcd       data     extern C:\MCC18\v3_39\src\traditional\proc\p18F2550.asm
                T1CONbits   0x000fcd       data     extern C:\MCC18\v3_39\src\traditional\proc\p18F2550.asm
                    T2CON   0x000fca       data     extern C:\MCC18\v3_39\src\traditional\proc\p18F2550.asm
                T2CONbits   0x000fca       data     extern C:\MCC18\v3_39\src\traditional\proc\p18F2550.asm
                    T3CON   0x000fb1       data     extern C:\MCC18\v3_39\src\traditional\proc\p18F2550.asm
                T3CONbits   0x000fb1       data     extern C:\MCC18\v3_39\src\traditional\proc\p18F2550.asm
                   TABLAT   0x000ff5       data     extern C:\MCC18\v3_39\src\traditional\proc\p18F2550.asm
                   TBLPTR   0x000ff6       data     extern C:\MCC18\v3_39\src\traditional\proc\p18F2550.asm
                  TBLPTRH   0x000ff7       data     extern C:\MCC18\v3_39\src\traditional\proc\p18F2550.asm
                  TBLPTRL   0x000ff6       data     extern C:\MCC18\v3_39\src\traditional\proc\p18F2550.asm
                  TBLPTRU   0x000ff8       data     extern C:\MCC18\v3_39\src\traditional\proc\p18F2550.asm
                    TMR0H   0x000fd7       data     extern C:\MCC18\v3_39\src\traditional\proc\p18F2550.asm
                    TMR0L   0x000fd6       data     extern C:\MCC18\v3_39\src\traditional\proc\p18F2550.asm
                    TMR1H   0x000fcf       data     extern C:\MCC18\v3_39\src\traditional\proc\p18F2550.asm
                    TMR1L   0x000fce       data     extern C:\MCC18\v3_39\src\traditional\proc\p18F2550.asm
                     TMR2   0x000fcc       data     extern C:\MCC18\v3_39\src\traditional\proc\p18F2550.asm
                    TMR3H   0x000fb3       data     extern C:\MCC18\v3_39\src\traditional\proc\p18F2550.asm
                    TMR3L   0x000fb2       data     extern C:\MCC18\v3_39\src\traditional\proc\p18F2550.asm
                      TOS   0x000ffd       data     extern C:\MCC18\v3_39\src\traditional\proc\p18F2550.asm
                     TOSH   0x000ffe       data     extern C:\MCC18\v3_39\src\traditional\proc\p18F2550.asm
                     TOSL   0x000ffd       data     extern C:\MCC18\v3_39\src\traditional\proc\p18F2550.asm
                     TOSU   0x000fff       data     extern C:\MCC18\v3_39\src\traditional\proc\p18F2550.asm
                    TRISA   0x000f92       data     extern C:\MCC18\v3_39\src\traditional\proc\p18F2550.asm
                TRISAbits   0x000f92       data     extern C:\MCC18\v3_39\src\traditional\proc\p18F2550.asm
                    TRISB   0x000f93       data     extern C:\MCC18\v3_39\src\traditional\proc\p18F2550.asm
                TRISBbits   0x000f93       data     extern C:\MCC18\v3_39\src\traditional\proc\p18F2550.asm
                    TRISC   0x000f94       data     extern C:\MCC18\v3_39\src\traditional\proc\p18F2550.asm
                TRISCbits   0x000f94       data     extern C:\MCC18\v3_39\src\traditional\proc\p18F2550.asm
                    TXREG   0x000fad       data     extern C:\MCC18\v3_39\src\traditional\proc\p18F2550.asm
                    TXSTA   0x000fac       data     extern C:\MCC18\v3_39\src\traditional\proc\p18F2550.asm
                TXSTAbits   0x000fac       data     extern C:\MCC18\v3_39\src\traditional\proc\p18F2550.asm
               Text_Line1   0x000100       data     extern C:\Users\TERRAZA\Dropbox\CNC\SUPERPID\FIRMWARE MPLAB\flex_lcd_c18.c
               Text_Line2   0x000101       data     extern C:\Users\TERRAZA\Dropbox\CNC\SUPERPID\FIRMWARE MPLAB\flex_lcd_c18.c
                       Ts   0x000092       data     extern C:\Users\TERRAZA\Dropbox\CNC\SUPERPID\FIRMWARE MPLAB\SUPERPID.c
                    UADDR   0x000f6e       data     extern C:\MCC18\v3_39\src\traditional\proc\p18F2550.asm
                UADDRbits   0x000f6e       data     extern C:\MCC18\v3_39\src\traditional\proc\p18F2550.asm
                     UCFG   0x000f6f       data     extern C:\MCC18\v3_39\src\traditional\proc\p18F2550.asm
                 UCFGbits   0x000f6f       data     extern C:\MCC18\v3_39\src\traditional\proc\p18F2550.asm
                     UCON   0x000f6d       data     extern C:\MCC18\v3_39\src\traditional\proc\p18F2550.asm
                 UCONbits   0x000f6d       data     extern C:\MCC18\v3_39\src\traditional\proc\p18F2550.asm
                     UEIE   0x000f6b       data     extern C:\MCC18\v3_39\src\traditional\proc\p18F2550.asm
                 UEIEbits   0x000f6b       data     extern C:\MCC18\v3_39\src\traditional\proc\p18F2550.asm
                     UEIR   0x000f6a       data     extern C:\MCC18\v3_39\src\traditional\proc\p18F2550.asm
                 UEIRbits   0x000f6a       data     extern C:\MCC18\v3_39\src\traditional\proc\p18F2550.asm
                     UEP0   0x000f70       data     extern C:\MCC18\v3_39\src\traditional\proc\p18F2550.asm
                 UEP0bits   0x000f70       data     extern C:\MCC18\v3_39\src\traditional\proc\p18F2550.asm
                     UEP1   0x000f71       data     extern C:\MCC18\v3_39\src\traditional\proc\p18F2550.asm
                    UEP10   0x000f7a       data     extern C:\MCC18\v3_39\src\traditional\proc\p18F2550.asm
                UEP10bits   0x000f7a       data     extern C:\MCC18\v3_39\src\traditional\proc\p18F2550.asm
                    UEP11   0x000f7b       data     extern C:\MCC18\v3_39\src\traditional\proc\p18F2550.asm
                UEP11bits   0x000f7b       data     extern C:\MCC18\v3_39\src\traditional\proc\p18F2550.asm
                    UEP12   0x000f7c       data     extern C:\MCC18\v3_39\src\traditional\proc\p18F2550.asm
                UEP12bits   0x000f7c       data     extern C:\MCC18\v3_39\src\traditional\proc\p18F2550.asm
                    UEP13   0x000f7d       data     extern C:\MCC18\v3_39\src\traditional\proc\p18F2550.asm
                UEP13bits   0x000f7d       data     extern C:\MCC18\v3_39\src\traditional\proc\p18F2550.asm
                    UEP14   0x000f7e       data     extern C:\MCC18\v3_39\src\traditional\proc\p18F2550.asm
                UEP14bits   0x000f7e       data     extern C:\MCC18\v3_39\src\traditional\proc\p18F2550.asm
                    UEP15   0x000f7f       data     extern C:\MCC18\v3_39\src\traditional\proc\p18F2550.asm
                UEP15bits   0x000f7f       data     extern C:\MCC18\v3_39\src\traditional\proc\p18F2550.asm
                 UEP1bits   0x000f71       data     extern C:\MCC18\v3_39\src\traditional\proc\p18F2550.asm
                     UEP2   0x000f72       data     extern C:\MCC18\v3_39\src\traditional\proc\p18F2550.asm
                 UEP2bits   0x000f72       data     extern C:\MCC18\v3_39\src\traditional\proc\p18F2550.asm
                     UEP3   0x000f73       data     extern C:\MCC18\v3_39\src\traditional\proc\p18F2550.asm
                 UEP3bits   0x000f73       data     extern C:\MCC18\v3_39\src\traditional\proc\p18F2550.asm
                     UEP4   0x000f74       data     extern C:\MCC18\v3_39\src\traditional\proc\p18F2550.asm
                 UEP4bits   0x000f74       data     extern C:\MCC18\v3_39\src\traditional\proc\p18F2550.asm
                     UEP5   0x000f75       data     extern C:\MCC18\v3_39\src\traditional\proc\p18F2550.asm
                 UEP5bits   0x000f75       data     extern C:\MCC18\v3_39\src\traditional\proc\p18F2550.asm
                     UEP6   0x000f76       data     extern C:\MCC18\v3_39\src\traditional\proc\p18F2550.asm
                 UEP6bits   0x000f76       data     extern C:\MCC18\v3_39\src\traditional\proc\p18F2550.asm
                     UEP7   0x000f77       data     extern C:\MCC18\v3_39\src\traditional\proc\p18F2550.asm
                 UEP7bits   0x000f77       data     extern C:\MCC18\v3_39\src\traditional\proc\p18F2550.asm
                     UEP8   0x000f78       data     extern C:\MCC18\v3_39\src\traditional\proc\p18F2550.asm
                 UEP8bits   0x000f78       data     extern C:\MCC18\v3_39\src\traditional\proc\p18F2550.asm
                     UEP9   0x000f79       data     extern C:\MCC18\v3_39\src\traditional\proc\p18F2550.asm
                 UEP9bits   0x000f79       data     extern C:\MCC18\v3_39\src\traditional\proc\p18F2550.asm
                     UFRM   0x000f66       data     extern C:\MCC18\v3_39\src\traditional\proc\p18F2550.asm
                    UFRMH   0x000f67       data     extern C:\MCC18\v3_39\src\traditional\proc\p18F2550.asm
                UFRMHbits   0x000f67       data     extern C:\MCC18\v3_39\src\traditional\proc\p18F2550.asm
                    UFRML   0x000f66       data     extern C:\MCC18\v3_39\src\traditional\proc\p18F2550.asm
                UFRMLbits   0x000f66       data     extern C:\MCC18\v3_39\src\traditional\proc\p18F2550.asm
                      UIE   0x000f69       data     extern C:\MCC18\v3_39\src\traditional\proc\p18F2550.asm
                  UIEbits   0x000f69       data     extern C:\MCC18\v3_39\src\traditional\proc\p18F2550.asm
                      UIR   0x000f68       data     extern C:\MCC18\v3_39\src\traditional\proc\p18F2550.asm
                  UIRbits   0x000f68       data     extern C:\MCC18\v3_39\src\traditional\proc\p18F2550.asm
                    USTAT   0x000f6c       data     extern C:\MCC18\v3_39\src\traditional\proc\p18F2550.asm
                USTATbits   0x000f6c       data     extern C:\MCC18\v3_39\src\traditional\proc\p18F2550.asm
                   WDTCON   0x000fd1       data     extern C:\MCC18\v3_39\src\traditional\proc\p18F2550.asm
               WDTCONbits   0x000fd1       data     extern C:\MCC18\v3_39\src\traditional\proc\p18F2550.asm
                     WREG   0x000fe8       data     extern C:\MCC18\v3_39\src\traditional\proc\p18F2550.asm
                 __AARGB0   0x000007       data     extern C:\MCC18\v3_39\src\traditional\math\aarg.asm
                 __AARGB1   0x000006       data     extern C:\MCC18\v3_39\src\traditional\math\aarg.asm
                 __AARGB2   0x000005       data     extern C:\MCC18\v3_39\src\traditional\math\aarg.asm
                 __AARGB3   0x000004       data     extern C:\MCC18\v3_39\src\traditional\math\aarg.asm
                 __AARGB4   0x000003       data     extern C:\MCC18\v3_39\src\traditional\math\aarg.asm
                 __AARGB5   0x000002       data     extern C:\MCC18\v3_39\src\traditional\math\aarg.asm
                 __AARGB6   0x000001       data     extern C:\MCC18\v3_39\src\traditional\math\aarg.asm
                 __AARGB7   0x000000       data     extern C:\MCC18\v3_39\src\traditional\math\aarg.asm
                   __AEXP   0x000008       data     extern C:\MCC18\v3_39\src\traditional\math\aarg.asm
                 __BARGB0   0x00000c       data     extern C:\MCC18\v3_39\src\traditional\math\barg.asm
                 __BARGB1   0x00000b       data     extern C:\MCC18\v3_39\src\traditional\math\barg.asm
                 __BARGB2   0x00000a       data     extern C:\MCC18\v3_39\src\traditional\math\barg.asm
                 __BARGB3   0x000009       data     extern C:\MCC18\v3_39\src\traditional\math\barg.asm
                   __BEXP   0x00000d       data     extern C:\MCC18\v3_39\src\traditional\math\barg.asm
                __FPFLAGS   0x00000f       data     extern C:\MCC18\v3_39\src\traditional\math\cmath18.asm
            __FPFLAGSbits   0x00000f       data     extern C:\MCC18\v3_39\src\traditional\math\cmath18.asm
                  __REMB0   0x000003       data     extern C:\MCC18\v3_39\src\traditional\math\aarg.asm
                  __REMB1   0x000002       data     extern C:\MCC18\v3_39\src\traditional\math\aarg.asm
                  __REMB2   0x000001       data     extern C:\MCC18\v3_39\src\traditional\math\aarg.asm
                  __REMB3   0x000000       data     extern C:\MCC18\v3_39\src\traditional\math\aarg.asm
                   __TEMP   0x000013       data     extern C:\MCC18\v3_39\src\traditional\math\temparg.asm
                 __TEMPB0   0x000013       data     extern C:\MCC18\v3_39\src\traditional\math\temparg.asm
                 __TEMPB1   0x000012       data     extern C:\MCC18\v3_39\src\traditional\math\temparg.asm
                 __TEMPB2   0x000011       data     extern C:\MCC18\v3_39\src\traditional\math\temparg.asm
                 __TEMPB3   0x000010       data     extern C:\MCC18\v3_39\src\traditional\math\temparg.asm
                  __tmp_0   0x000014       data     static C:\MCC18\v3_39\src\traditional\stdclib\printf.c
                  __tmp_0   0x000014       data     static C:\MCC18\v3_39\src\traditional\stdclib\vfprintf.c
                  __tmp_0   0x000014       data     static C:\MCC18\v3_39\src\traditional\stdclib\putc.c
                  __tmp_0   0x000014       data     static C:\MCC18\v3_39\src\pmc_common\PWM\pw2setdc.c
                  __tmp_0   0x000014       data     static C:\MCC18\v3_39\src\pmc_common\ADC\adcread.c
                  __tmp_0   0x000014       data     static C:\MCC18\v3_39\src\pmc_common\ADC\adcopen.c
                  __tmp_0   0x000014       data     static C:\Users\TERRAZA\Dropbox\CNC\SUPERPID\FIRMWARE MPLAB\SUPERPID.c
                  __tmp_1   0x000028       data     static C:\Users\TERRAZA\Dropbox\CNC\SUPERPID\FIRMWARE MPLAB\SUPERPID.c
                       co   0x000078       data     extern C:\Users\TERRAZA\Dropbox\CNC\SUPERPID\FIRMWARE MPLAB\SUPERPID.c
                   conteo   0x000070       data     extern C:\Users\TERRAZA\Dropbox\CNC\SUPERPID\FIRMWARE MPLAB\SUPERPID.c
                curr_byte   0x0001d0       data     static C:\MCC18\v3_39\src\traditional\startup\c018i.c
               curr_entry   0x0001d2       data     static C:\MCC18\v3_39\src\traditional\startup\c018i.c
                        d   0x000086       data     extern C:\Users\TERRAZA\Dropbox\CNC\SUPERPID\FIRMWARE MPLAB\SUPERPID.c
                 data_ptr   0x0001d4       data     static C:\MCC18\v3_39\src\traditional\startup\c018i.c
                        e   0x00007a       data     extern C:\Users\TERRAZA\Dropbox\CNC\SUPERPID\FIRMWARE MPLAB\SUPERPID.c
                 e_pasado   0x00007c       data     extern C:\Users\TERRAZA\Dropbox\CNC\SUPERPID\FIRMWARE MPLAB\SUPERPID.c
                   flagAC   0x000065       data     extern C:\Users\TERRAZA\Dropbox\CNC\SUPERPID\FIRMWARE MPLAB\SUPERPID.c
                  flagCX0   0x000064       data     extern C:\Users\TERRAZA\Dropbox\CNC\SUPERPID\FIRMWARE MPLAB\SUPERPID.c
                 flagsoft   0x000066       data     extern C:\Users\TERRAZA\Dropbox\CNC\SUPERPID\FIRMWARE MPLAB\SUPERPID.c
                   flanco   0x000067       data     extern C:\Users\TERRAZA\Dropbox\CNC\SUPERPID\FIRMWARE MPLAB\SUPERPID.c
                       in   0x000082       data     extern C:\Users\TERRAZA\Dropbox\CNC\SUPERPID\FIRMWARE MPLAB\SUPERPID.c
                       kd   0x00008e       data     extern C:\Users\TERRAZA\Dropbox\CNC\SUPERPID\FIRMWARE MPLAB\SUPERPID.c
                       ki   0x00008a       data     extern C:\Users\TERRAZA\Dropbox\CNC\SUPERPID\FIRMWARE MPLAB\SUPERPID.c
                       kp   0x00007e       data     extern C:\Users\TERRAZA\Dropbox\CNC\SUPERPID\FIRMWARE MPLAB\SUPERPID.c
                  muestra   0x000105       data     extern C:\Users\TERRAZA\Dropbox\CNC\SUPERPID\FIRMWARE MPLAB\SUPERPID.c
                     prom   0x0001cd       data     static C:\MCC18\v3_39\src\traditional\startup\c018i.c
               referencia   0x000068       data     extern C:\Users\TERRAZA\Dropbox\CNC\SUPERPID\FIRMWARE MPLAB\SUPERPID.c
                   sensor   0x00006a       data     extern C:\Users\TERRAZA\Dropbox\CNC\SUPERPID\FIRMWARE MPLAB\SUPERPID.c
                   stdout   0x0001d7       data     extern C:\MCC18\v3_39\src\traditional\stdclib\stdout.c
                       tt   0x00006e       data     extern C:\Users\TERRAZA\Dropbox\CNC\SUPERPID\FIRMWARE MPLAB\SUPERPID.c
                  uSxTick   0x000060       data     extern C:\Users\TERRAZA\Dropbox\CNC\SUPERPID\FIRMWARE MPLAB\SUPERPID.c
               update_LCD   0x000102       data     extern C:\Users\TERRAZA\Dropbox\CNC\SUPERPID\FIRMWARE MPLAB\flex_lcd_c18.c
        update_LCD_Values   0x000104       data     extern C:\Users\TERRAZA\Dropbox\CNC\SUPERPID\FIRMWARE MPLAB\flex_lcd_c18.c



                              Symbols - Sorted by Address
                     Name    Address   Location    Storage File                     
                ---------  ---------  ---------  --------- ---------                
                   _entry   0x000000    program     extern C:\MCC18\v3_39\src\traditional\startup\c018i.c
       ___return_lbl00000   0x000004    program     static                          
                   __init   0x000006    program     extern C:\MCC18\v3_39\src\traditional\stdclib\__init.c
      InterruptVectorHigh   0x000008    program     extern C:\Users\TERRAZA\Dropbox\CNC\SUPERPID\FIRMWARE MPLAB\SUPERPID.c
       ___return_lbl00029   0x00000c    program     static                          
          lcd_send_nibble   0x000028    program     extern C:\Users\TERRAZA\Dropbox\CNC\SUPERPID\FIRMWARE MPLAB\flex_lcd_c18.c
               __tmplbl_1   0x000038    program     static                          
               __tmplbl_0   0x00003c    program     static                          
               __tmplbl_3   0x00004e    program     static                          
               __tmplbl_2   0x000052    program     static                          
               __tmplbl_5   0x000064    program     static                          
               __tmplbl_4   0x000068    program     static                          
               __tmplbl_7   0x00007a    program     static                          
               __tmplbl_6   0x00007e    program     static                          
       ___return_lbl00000   0x000092    program     static                          
            lcd_send_byte   0x00009a    program     extern C:\Users\TERRAZA\Dropbox\CNC\SUPERPID\FIRMWARE MPLAB\flex_lcd_c18.c
         ___else_lbl00003   0x0000c0    program     static                          
           ___if_lbl00002   0x0000c2    program     static                          
       ___return_lbl00001   0x0000dc    program     static                          
                 lcd_init   0x0000e4    program     extern C:\Users\TERRAZA\Dropbox\CNC\SUPERPID\FIRMWARE MPLAB\flex_lcd_c18.c
               lcd_gotoxy   0x00018e    program     extern C:\Users\TERRAZA\Dropbox\CNC\SUPERPID\FIRMWARE MPLAB\flex_lcd_c18.c
                 lcd_putc   0x0001c4    program     extern C:\Users\TERRAZA\Dropbox\CNC\SUPERPID\FIRMWARE MPLAB\flex_lcd_c18.c
               lcd_comand   0x000222    program     extern C:\Users\TERRAZA\Dropbox\CNC\SUPERPID\FIRMWARE MPLAB\flex_lcd_c18.c
         lcd_setcursor_vb   0x000240    program     extern C:\Users\TERRAZA\Dropbox\CNC\SUPERPID\FIRMWARE MPLAB\flex_lcd_c18.c
                 lcd_puts   0x00026c    program     extern C:\Users\TERRAZA\Dropbox\CNC\SUPERPID\FIRMWARE MPLAB\flex_lcd_c18.c
                lcd_putrs   0x0002a8    program     extern C:\Users\TERRAZA\Dropbox\CNC\SUPERPID\FIRMWARE MPLAB\flex_lcd_c18.c
               _user_putc   0x0002e8    program     extern C:\Users\TERRAZA\Dropbox\CNC\SUPERPID\FIRMWARE MPLAB\flex_lcd_c18.c
     InterruptHandlerHigh   0x000302    program     extern C:\Users\TERRAZA\Dropbox\CNC\SUPERPID\FIRMWARE MPLAB\SUPERPID.c
           ___if_lbl00031   0x00033c    program     static                          
         ___else_lbl00033   0x000354    program     static                          
           ___if_lbl00032   0x00036e    program     static                          
           ___if_lbl00034   0x000370    program     static                          
           ___if_lbl00035   0x000386    program     static                          
           ___if_lbl00036   0x000394    program     static                          
           ___if_lbl00037   0x00039c    program     static                          
                     jump   0x00039c    program     static                          
       ___return_lbl00030   0x00039e    program     static                          
                     main   0x0003a6    program     extern C:\Users\TERRAZA\Dropbox\CNC\SUPERPID\FIRMWARE MPLAB\SUPERPID.c
                     init   0x0006c6    program     extern C:\Users\TERRAZA\Dropbox\CNC\SUPERPID\FIRMWARE MPLAB\SUPERPID.c
        CalcularVelocidad   0x0007c8    program     extern C:\Users\TERRAZA\Dropbox\CNC\SUPERPID\FIRMWARE MPLAB\SUPERPID.c
                      PID   0x000878    program     extern C:\Users\TERRAZA\Dropbox\CNC\SUPERPID\FIRMWARE MPLAB\SUPERPID.c
                   testAC   0x000cfc    program     extern C:\Users\TERRAZA\Dropbox\CNC\SUPERPID\FIRMWARE MPLAB\SUPERPID.c
            s_put_n_chars   0x000e98    program     static C:\MCC18\v3_39\src\traditional\stdclib\vfprintf.c
                 vfprintf   0x000ec4    program     extern C:\MCC18\v3_39\src\traditional\stdclib\vfprintf.c
              __tmplbl_85   0x000eee    program     static                          
              __tmplbl_44   0x00179c    program     static                          
              __tmplbl_43   0x0017b6    program     static                          
                   __pa_0   0x0017d8    program     static C:\MCC18\v3_39\src\traditional\stdclib\vfprintf.c
                   __pa_1   0x0017e0    program     static C:\MCC18\v3_39\src\traditional\stdclib\vfprintf.c
                   __pa_2   0x0017ea    program     static C:\MCC18\v3_39\src\traditional\stdclib\vfprintf.c
                   __pa_3   0x0017f4    program     static C:\MCC18\v3_39\src\traditional\stdclib\vfprintf.c
                   __pa_4   0x00180c    program     static C:\MCC18\v3_39\src\traditional\stdclib\vfprintf.c
                   __pa_5   0x001820    program     static C:\MCC18\v3_39\src\traditional\stdclib\vfprintf.c
                   __pa_6   0x00183c    program     static C:\MCC18\v3_39\src\traditional\stdclib\vfprintf.c
                   __pa_7   0x001846    program     static C:\MCC18\v3_39\src\traditional\stdclib\vfprintf.c
                   __pa_8   0x001852    program     static C:\MCC18\v3_39\src\traditional\stdclib\vfprintf.c
                   __pa_9   0x001874    program     static C:\MCC18\v3_39\src\traditional\stdclib\vfprintf.c
                  __pa_10   0x001894    program     static C:\MCC18\v3_39\src\traditional\stdclib\vfprintf.c
                  __pa_11   0x0018a2    program     static C:\MCC18\v3_39\src\traditional\stdclib\vfprintf.c
                  __pa_12   0x0018b8    program     static C:\MCC18\v3_39\src\traditional\stdclib\vfprintf.c
                  __pa_13   0x0018d2    program     static C:\MCC18\v3_39\src\traditional\stdclib\vfprintf.c
                  __pa_14   0x0018ea    program     static C:\MCC18\v3_39\src\traditional\stdclib\vfprintf.c
                  __pa_15   0x0018fa    program     static C:\MCC18\v3_39\src\traditional\stdclib\vfprintf.c
                  __pa_16   0x001910    program     static C:\MCC18\v3_39\src\traditional\stdclib\vfprintf.c
                  __pa_17   0x001922    program     static C:\MCC18\v3_39\src\traditional\stdclib\vfprintf.c
                  __pa_18   0x001934    program     static C:\MCC18\v3_39\src\traditional\stdclib\vfprintf.c
                  __pa_19   0x00193e    program     static C:\MCC18\v3_39\src\traditional\stdclib\vfprintf.c
                  __pa_20   0x00194e    program     static C:\MCC18\v3_39\src\traditional\stdclib\vfprintf.c
                  __pa_21   0x00195e    program     static C:\MCC18\v3_39\src\traditional\stdclib\vfprintf.c
                  __pa_22   0x00196e    program     static C:\MCC18\v3_39\src\traditional\stdclib\vfprintf.c
              __tmplbl_42   0x00196e    program     static                          
                  __pa_23   0x00197a    program     static C:\MCC18\v3_39\src\traditional\stdclib\vfprintf.c
                  __pa_24   0x001988    program     static C:\MCC18\v3_39\src\traditional\stdclib\vfprintf.c
                  __pa_25   0x001990    program     static C:\MCC18\v3_39\src\traditional\stdclib\vfprintf.c
                  __pa_26   0x00199a    program     static C:\MCC18\v3_39\src\traditional\stdclib\vfprintf.c
                  __pa_27   0x0019a4    program     static C:\MCC18\v3_39\src\traditional\stdclib\vfprintf.c
                  __pa_28   0x0019ac    program     static C:\MCC18\v3_39\src\traditional\stdclib\vfprintf.c
                  __pa_29   0x0019ba    program     static C:\MCC18\v3_39\src\traditional\stdclib\vfprintf.c
                  __pa_30   0x0019d6    program     static C:\MCC18\v3_39\src\traditional\stdclib\vfprintf.c
                  __pa_31   0x0019f0    program     static C:\MCC18\v3_39\src\traditional\stdclib\vfprintf.c
                  __pa_32   0x001a0a    program     static C:\MCC18\v3_39\src\traditional\stdclib\vfprintf.c
                  __pa_33   0x001a22    program     static C:\MCC18\v3_39\src\traditional\stdclib\vfprintf.c
                  __pa_34   0x001a2c    program     static C:\MCC18\v3_39\src\traditional\stdclib\vfprintf.c
                  __pa_35   0x001a3a    program     static C:\MCC18\v3_39\src\traditional\stdclib\vfprintf.c
                  __pa_36   0x001a42    program     static C:\MCC18\v3_39\src\traditional\stdclib\vfprintf.c
                  __pa_37   0x001a4c    program     static C:\MCC18\v3_39\src\traditional\stdclib\vfprintf.c
                  __pa_38   0x001a5c    program     static C:\MCC18\v3_39\src\traditional\stdclib\vfprintf.c
                  __pa_39   0x001a6a    program     static C:\MCC18\v3_39\src\traditional\stdclib\vfprintf.c
                  __pa_40   0x001a76    program     static C:\MCC18\v3_39\src\traditional\stdclib\vfprintf.c
                  __pa_41   0x001a82    program     static C:\MCC18\v3_39\src\traditional\stdclib\vfprintf.c
                  __pa_42   0x001a8a    program     static C:\MCC18\v3_39\src\traditional\stdclib\vfprintf.c
                  __pa_43   0x001a94    program     static C:\MCC18\v3_39\src\traditional\stdclib\vfprintf.c
[...]
                UEP11bits   0x000f7b       data     extern C:\MCC18\v3_39\src\traditional\proc\p18F2550.asm
                    UEP12   0x000f7c       data     extern C:\MCC18\v3_39\src\traditional\proc\p18F2550.asm
                UEP12bits   0x000f7c       data     extern C:\MCC18\v3_39\src\traditional\proc\p18F2550.asm
                UEP13bits   0x000f7d       data     extern C:\MCC18\v3_39\src\traditional\proc\p18F2550.asm
                    UEP13   0x000f7d       data     extern C:\MCC18\v3_39\src\traditional\proc\p18F2550.asm
                    UEP14   0x000f7e       data     extern C:\MCC18\v3_39\src\traditional\proc\p18F2550.asm
                UEP14bits   0x000f7e       data     extern C:\MCC18\v3_39\src\traditional\proc\p18F2550.asm
                    UEP15   0x000f7f       data     extern C:\MCC18\v3_39\src\traditional\proc\p18F2550.asm
                UEP15bits   0x000f7f       data     extern C:\MCC18\v3_39\src\traditional\proc\p18F2550.asm
                    PORTA   0x000f80       data     extern C:\MCC18\v3_39\src\traditional\proc\p18F2550.asm
                PORTAbits   0x000f80       data     extern C:\MCC18\v3_39\src\traditional\proc\p18F2550.asm
                PORTBbits   0x000f81       data     extern C:\MCC18\v3_39\src\traditional\proc\p18F2550.asm
                    PORTB   0x000f81       data     extern C:\MCC18\v3_39\src\traditional\proc\p18F2550.asm
                PORTCbits   0x000f82       data     extern C:\MCC18\v3_39\src\traditional\proc\p18F2550.asm
                    PORTC   0x000f82       data     extern C:\MCC18\v3_39\src\traditional\proc\p18F2550.asm
                PORTEbits   0x000f84       data     extern C:\MCC18\v3_39\src\traditional\proc\p18F2550.asm
                    PORTE   0x000f84       data     extern C:\MCC18\v3_39\src\traditional\proc\p18F2550.asm
                     LATA   0x000f89       data     extern C:\MCC18\v3_39\src\traditional\proc\p18F2550.asm
                 LATAbits   0x000f89       data     extern C:\MCC18\v3_39\src\traditional\proc\p18F2550.asm
                 LATBbits   0x000f8a       data     extern C:\MCC18\v3_39\src\traditional\proc\p18F2550.asm
                     LATB   0x000f8a       data     extern C:\MCC18\v3_39\src\traditional\proc\p18F2550.asm
                 LATCbits   0x000f8b       data     extern C:\MCC18\v3_39\src\traditional\proc\p18F2550.asm
                     LATC   0x000f8b       data     extern C:\MCC18\v3_39\src\traditional\proc\p18F2550.asm
                    TRISA   0x000f92       data     extern C:\MCC18\v3_39\src\traditional\proc\p18F2550.asm
                TRISAbits   0x000f92       data     extern C:\MCC18\v3_39\src\traditional\proc\p18F2550.asm
                 DDRAbits   0x000f92       data     extern C:\MCC18\v3_39\src\traditional\proc\p18F2550.asm
                     DDRA   0x000f92       data     extern C:\MCC18\v3_39\src\traditional\proc\p18F2550.asm
                    TRISB   0x000f93       data     extern C:\MCC18\v3_39\src\traditional\proc\p18F2550.asm
                 DDRBbits   0x000f93       data     extern C:\MCC18\v3_39\src\traditional\proc\p18F2550.asm
                     DDRB   0x000f93       data     extern C:\MCC18\v3_39\src\traditional\proc\p18F2550.asm
                TRISBbits   0x000f93       data     extern C:\MCC18\v3_39\src\traditional\proc\p18F2550.asm
                    TRISC   0x000f94       data     extern C:\MCC18\v3_39\src\traditional\proc\p18F2550.asm
                TRISCbits   0x000f94       data     extern C:\MCC18\v3_39\src\traditional\proc\p18F2550.asm
                     DDRC   0x000f94       data     extern C:\MCC18\v3_39\src\traditional\proc\p18F2550.asm
                 DDRCbits   0x000f94       data     extern C:\MCC18\v3_39\src\traditional\proc\p18F2550.asm
              OSCTUNEbits   0x000f9b       data     extern C:\MCC18\v3_39\src\traditional\proc\p18F2550.asm
                  OSCTUNE   0x000f9b       data     extern C:\MCC18\v3_39\src\traditional\proc\p18F2550.asm
                 PIE1bits   0x000f9d       data     extern C:\MCC18\v3_39\src\traditional\proc\p18F2550.asm
                     PIE1   0x000f9d       data     extern C:\MCC18\v3_39\src\traditional\proc\p18F2550.asm
                     PIR1   0x000f9e       data     extern C:\MCC18\v3_39\src\traditional\proc\p18F2550.asm
                 PIR1bits   0x000f9e       data     extern C:\MCC18\v3_39\src\traditional\proc\p18F2550.asm
                     IPR1   0x000f9f       data     extern C:\MCC18\v3_39\src\traditional\proc\p18F2550.asm
                 IPR1bits   0x000f9f       data     extern C:\MCC18\v3_39\src\traditional\proc\p18F2550.asm
                 PIE2bits   0x000fa0       data     extern C:\MCC18\v3_39\src\traditional\proc\p18F2550.asm
                     PIE2   0x000fa0       data     extern C:\MCC18\v3_39\src\traditional\proc\p18F2550.asm
                     PIR2   0x000fa1       data     extern C:\MCC18\v3_39\src\traditional\proc\p18F2550.asm
                 PIR2bits   0x000fa1       data     extern C:\MCC18\v3_39\src\traditional\proc\p18F2550.asm
                     IPR2   0x000fa2       data     extern C:\MCC18\v3_39\src\traditional\proc\p18F2550.asm
                 IPR2bits   0x000fa2       data     extern C:\MCC18\v3_39\src\traditional\proc\p18F2550.asm
                   EECON1   0x000fa6       data     extern C:\MCC18\v3_39\src\traditional\proc\p18F2550.asm
               EECON1bits   0x000fa6       data     extern C:\MCC18\v3_39\src\traditional\proc\p18F2550.asm
                   EECON2   0x000fa7       data     extern C:\MCC18\v3_39\src\traditional\proc\p18F2550.asm
                   EEDATA   0x000fa8       data     extern C:\MCC18\v3_39\src\traditional\proc\p18F2550.asm
                    EEADR   0x000fa9       data     extern C:\MCC18\v3_39\src\traditional\proc\p18F2550.asm
                    RCSTA   0x000fab       data     extern C:\MCC18\v3_39\src\traditional\proc\p18F2550.asm
                RCSTAbits   0x000fab       data     extern C:\MCC18\v3_39\src\traditional\proc\p18F2550.asm
                    TXSTA   0x000fac       data     extern C:\MCC18\v3_39\src\traditional\proc\p18F2550.asm
                TXSTAbits   0x000fac       data     extern C:\MCC18\v3_39\src\traditional\proc\p18F2550.asm
                    TXREG   0x000fad       data     extern C:\MCC18\v3_39\src\traditional\proc\p18F2550.asm
                    RCREG   0x000fae       data     extern C:\MCC18\v3_39\src\traditional\proc\p18F2550.asm
                    SPBRG   0x000faf       data     extern C:\MCC18\v3_39\src\traditional\proc\p18F2550.asm
                   SPBRGH   0x000fb0       data     extern C:\MCC18\v3_39\src\traditional\proc\p18F2550.asm
                T3CONbits   0x000fb1       data     extern C:\MCC18\v3_39\src\traditional\proc\p18F2550.asm
                    T3CON   0x000fb1       data     extern C:\MCC18\v3_39\src\traditional\proc\p18F2550.asm
                    TMR3L   0x000fb2       data     extern C:\MCC18\v3_39\src\traditional\proc\p18F2550.asm
                    TMR3H   0x000fb3       data     extern C:\MCC18\v3_39\src\traditional\proc\p18F2550.asm
                CMCONbits   0x000fb4       data     extern C:\MCC18\v3_39\src\traditional\proc\p18F2550.asm
                    CMCON   0x000fb4       data     extern C:\MCC18\v3_39\src\traditional\proc\p18F2550.asm
                   CVRCON   0x000fb5       data     extern C:\MCC18\v3_39\src\traditional\proc\p18F2550.asm
               CVRCONbits   0x000fb5       data     extern C:\MCC18\v3_39\src\traditional\proc\p18F2550.asm
                  ECCP1AS   0x000fb6       data     extern C:\MCC18\v3_39\src\traditional\proc\p18F2550.asm
                   CCP1AS   0x000fb6       data     extern C:\MCC18\v3_39\src\traditional\proc\p18F2550.asm
               CCP1ASbits   0x000fb6       data     extern C:\MCC18\v3_39\src\traditional\proc\p18F2550.asm
              ECCP1ASbits   0x000fb6       data     extern C:\MCC18\v3_39\src\traditional\proc\p18F2550.asm
                  CCP1DEL   0x000fb7       data     extern C:\MCC18\v3_39\src\traditional\proc\p18F2550.asm
              CCP1DELbits   0x000fb7       data     extern C:\MCC18\v3_39\src\traditional\proc\p18F2550.asm
                 ECCP1DEL   0x000fb7       data     extern C:\MCC18\v3_39\src\traditional\proc\p18F2550.asm
             ECCP1DELbits   0x000fb7       data     extern C:\MCC18\v3_39\src\traditional\proc\p18F2550.asm
              BAUDCTLbits   0x000fb8       data     extern C:\MCC18\v3_39\src\traditional\proc\p18F2550.asm
                  BAUDCTL   0x000fb8       data     extern C:\MCC18\v3_39\src\traditional\proc\p18F2550.asm
              BAUDCONbits   0x000fb8       data     extern C:\MCC18\v3_39\src\traditional\proc\p18F2550.asm
                  BAUDCON   0x000fb8       data     extern C:\MCC18\v3_39\src\traditional\proc\p18F2550.asm
                  CCP2CON   0x000fba       data     extern C:\MCC18\v3_39\src\traditional\proc\p18F2550.asm
              CCP2CONbits   0x000fba       data     extern C:\MCC18\v3_39\src\traditional\proc\p18F2550.asm
                    CCPR2   0x000fbb       data     extern C:\MCC18\v3_39\src\traditional\proc\p18F2550.asm
                   CCPR2L   0x000fbb       data     extern C:\MCC18\v3_39\src\traditional\proc\p18F2550.asm
                   CCPR2H   0x000fbc       data     extern C:\MCC18\v3_39\src\traditional\proc\p18F2550.asm
                  CCP1CON   0x000fbd       data     extern C:\MCC18\v3_39\src\traditional\proc\p18F2550.asm
              CCP1CONbits   0x000fbd       data     extern C:\MCC18\v3_39\src\traditional\proc\p18F2550.asm
                    CCPR1   0x000fbe       data     extern C:\MCC18\v3_39\src\traditional\proc\p18F2550.asm
                   CCPR1L   0x000fbe       data     extern C:\MCC18\v3_39\src\traditional\proc\p18F2550.asm
                   CCPR1H   0x000fbf       data     extern C:\MCC18\v3_39\src\traditional\proc\p18F2550.asm
                   ADCON2   0x000fc0       data     extern C:\MCC18\v3_39\src\traditional\proc\p18F2550.asm
               ADCON2bits   0x000fc0       data     extern C:\MCC18\v3_39\src\traditional\proc\p18F2550.asm
               ADCON1bits   0x000fc1       data     extern C:\MCC18\v3_39\src\traditional\proc\p18F2550.asm
                   ADCON1   0x000fc1       data     extern C:\MCC18\v3_39\src\traditional\proc\p18F2550.asm
                   ADCON0   0x000fc2       data     extern C:\MCC18\v3_39\src\traditional\proc\p18F2550.asm
               ADCON0bits   0x000fc2       data     extern C:\MCC18\v3_39\src\traditional\proc\p18F2550.asm
                    ADRES   0x000fc3       data     extern C:\MCC18\v3_39\src\traditional\proc\p18F2550.asm
                   ADRESL   0x000fc3       data     extern C:\MCC18\v3_39\src\traditional\proc\p18F2550.asm
                   ADRESH   0x000fc4       data     extern C:\MCC18\v3_39\src\traditional\proc\p18F2550.asm
                  SSPCON2   0x000fc5       data     extern C:\MCC18\v3_39\src\traditional\proc\p18F2550.asm
              SSPCON2bits   0x000fc5       data     extern C:\MCC18\v3_39\src\traditional\proc\p18F2550.asm
                  SSPCON1   0x000fc6       data     extern C:\MCC18\v3_39\src\traditional\proc\p18F2550.asm
              SSPCON1bits   0x000fc6       data     extern C:\MCC18\v3_39\src\traditional\proc\p18F2550.asm
                  SSPSTAT   0x000fc7       data     extern C:\MCC18\v3_39\src\traditional\proc\p18F2550.asm
              SSPSTATbits   0x000fc7       data     extern C:\MCC18\v3_39\src\traditional\proc\p18F2550.asm
                   SSPADD   0x000fc8       data     extern C:\MCC18\v3_39\src\traditional\proc\p18F2550.asm
                   SSPBUF   0x000fc9       data     extern C:\MCC18\v3_39\src\traditional\proc\p18F2550.asm
                T2CONbits   0x000fca       data     extern C:\MCC18\v3_39\src\traditional\proc\p18F2550.asm
                    T2CON   0x000fca       data     extern C:\MCC18\v3_39\src\traditional\proc\p18F2550.asm
                      PR2   0x000fcb       data     extern C:\MCC18\v3_39\src\traditional\proc\p18F2550.asm
                     TMR2   0x000fcc       data     extern C:\MCC18\v3_39\src\traditional\proc\p18F2550.asm
                T1CONbits   0x000fcd       data     extern C:\MCC18\v3_39\src\traditional\proc\p18F2550.asm
                    T1CON   0x000fcd       data     extern C:\MCC18\v3_39\src\traditional\proc\p18F2550.asm
                    TMR1L   0x000fce       data     extern C:\MCC18\v3_39\src\traditional\proc\p18F2550.asm
                    TMR1H   0x000fcf       data     extern C:\MCC18\v3_39\src\traditional\proc\p18F2550.asm
                     RCON   0x000fd0       data     extern C:\MCC18\v3_39\src\traditional\proc\p18F2550.asm
                 RCONbits   0x000fd0       data     extern C:\MCC18\v3_39\src\traditional\proc\p18F2550.asm
                   WDTCON   0x000fd1       data     extern C:\MCC18\v3_39\src\traditional\proc\p18F2550.asm
               WDTCONbits   0x000fd1       data     extern C:\MCC18\v3_39\src\traditional\proc\p18F2550.asm
               LVDCONbits   0x000fd2       data     extern C:\MCC18\v3_39\src\traditional\proc\p18F2550.asm
                   LVDCON   0x000fd2       data     extern C:\MCC18\v3_39\src\traditional\proc\p18F2550.asm
              HLVDCONbits   0x000fd2       data     extern C:\MCC18\v3_39\src\traditional\proc\p18F2550.asm
                  HLVDCON   0x000fd2       data     extern C:\MCC18\v3_39\src\traditional\proc\p18F2550.asm
               OSCCONbits   0x000fd3       data     extern C:\MCC18\v3_39\src\traditional\proc\p18F2550.asm
                   OSCCON   0x000fd3       data     extern C:\MCC18\v3_39\src\traditional\proc\p18F2550.asm
                    T0CON   0x000fd5       data     extern C:\MCC18\v3_39\src\traditional\proc\p18F2550.asm
                T0CONbits   0x000fd5       data     extern C:\MCC18\v3_39\src\traditional\proc\p18F2550.asm
                    TMR0L   0x000fd6       data     extern C:\MCC18\v3_39\src\traditional\proc\p18F2550.asm
                    TMR0H   0x000fd7       data     extern C:\MCC18\v3_39\src\traditional\proc\p18F2550.asm
               STATUSbits   0x000fd8       data     extern C:\MCC18\v3_39\src\traditional\proc\p18F2550.asm
                   STATUS   0x000fd8       data     extern C:\MCC18\v3_39\src\traditional\proc\p18F2550.asm
                    FSR2L   0x000fd9       data     extern C:\MCC18\v3_39\src\traditional\proc\p18F2550.asm
                     FSR2   0x000fd9       data     extern C:\MCC18\v3_39\src\traditional\proc\p18F2550.asm
                    FSR2H   0x000fda       data     extern C:\MCC18\v3_39\src\traditional\proc\p18F2550.asm
                   PLUSW2   0x000fdb       data     extern C:\MCC18\v3_39\src\traditional\proc\p18F2550.asm
                  PREINC2   0x000fdc       data     extern C:\MCC18\v3_39\src\traditional\proc\p18F2550.asm
                 POSTDEC2   0x000fdd       data     extern C:\MCC18\v3_39\src\traditional\proc\p18F2550.asm
                 POSTINC2   0x000fde       data     extern C:\MCC18\v3_39\src\traditional\proc\p18F2550.asm
                    INDF2   0x000fdf       data     extern C:\MCC18\v3_39\src\traditional\proc\p18F2550.asm
                      BSR   0x000fe0       data     extern C:\MCC18\v3_39\src\traditional\proc\p18F2550.asm
                     FSR1   0x000fe1       data     extern C:\MCC18\v3_39\src\traditional\proc\p18F2550.asm
                    FSR1L   0x000fe1       data     extern C:\MCC18\v3_39\src\traditional\proc\p18F2550.asm
                    FSR1H   0x000fe2       data     extern C:\MCC18\v3_39\src\traditional\proc\p18F2550.asm
                   PLUSW1   0x000fe3       data     extern C:\MCC18\v3_39\src\traditional\proc\p18F2550.asm
                  PREINC1   0x000fe4       data     extern C:\MCC18\v3_39\src\traditional\proc\p18F2550.asm
                 POSTDEC1   0x000fe5       data     extern C:\MCC18\v3_39\src\traditional\proc\p18F2550.asm
                 POSTINC1   0x000fe6       data     extern C:\MCC18\v3_39\src\traditional\proc\p18F2550.asm
                    INDF1   0x000fe7       data     extern C:\MCC18\v3_39\src\traditional\proc\p18F2550.asm
                     WREG   0x000fe8       data     extern C:\MCC18\v3_39\src\traditional\proc\p18F2550.asm
                     FSR0   0x000fe9       data     extern C:\MCC18\v3_39\src\traditional\proc\p18F2550.asm
                    FSR0L   0x000fe9       data     extern C:\MCC18\v3_39\src\traditional\proc\p18F2550.asm
                    FSR0H   0x000fea       data     extern C:\MCC18\v3_39\src\traditional\proc\p18F2550.asm
                   PLUSW0   0x000feb       data     extern C:\MCC18\v3_39\src\traditional\proc\p18F2550.asm
                  PREINC0   0x000fec       data     extern C:\MCC18\v3_39\src\traditional\proc\p18F2550.asm
                 POSTDEC0   0x000fed       data     extern C:\MCC18\v3_39\src\traditional\proc\p18F2550.asm
                 POSTINC0   0x000fee       data     extern C:\MCC18\v3_39\src\traditional\proc\p18F2550.asm
                    INDF0   0x000fef       data     extern C:\MCC18\v3_39\src\traditional\proc\p18F2550.asm
              INTCON3bits   0x000ff0       data     extern C:\MCC18\v3_39\src\traditional\proc\p18F2550.asm
                  INTCON3   0x000ff0       data     extern C:\MCC18\v3_39\src\traditional\proc\p18F2550.asm
              INTCON2bits   0x000ff1       data     extern C:\MCC18\v3_39\src\traditional\proc\p18F2550.asm
                  INTCON2   0x000ff1       data     extern C:\MCC18\v3_39\src\traditional\proc\p18F2550.asm
               INTCONbits   0x000ff2       data     extern C:\MCC18\v3_39\src\traditional\proc\p18F2550.asm
                   INTCON   0x000ff2       data     extern C:\MCC18\v3_39\src\traditional\proc\p18F2550.asm
                     PROD   0x000ff3       data     extern C:\MCC18\v3_39\src\traditional\proc\p18F2550.asm
                    PRODL   0x000ff3       data     extern C:\MCC18\v3_39\src\traditional\proc\p18F2550.asm
                    PRODH   0x000ff4       data     extern C:\MCC18\v3_39\src\traditional\proc\p18F2550.asm
                   TABLAT   0x000ff5       data     extern C:\MCC18\v3_39\src\traditional\proc\p18F2550.asm
                   TBLPTR   0x000ff6       data     extern C:\MCC18\v3_39\src\traditional\proc\p18F2550.asm
                  TBLPTRL   0x000ff6       data     extern C:\MCC18\v3_39\src\traditional\proc\p18F2550.asm
                  TBLPTRH   0x000ff7       data     extern C:\MCC18\v3_39\src\traditional\proc\p18F2550.asm
                  TBLPTRU   0x000ff8       data     extern C:\MCC18\v3_39\src\traditional\proc\p18F2550.asm
                      PCL   0x000ff9       data     extern C:\MCC18\v3_39\src\traditional\proc\p18F2550.asm
                       PC   0x000ff9       data     extern C:\MCC18\v3_39\src\traditional\proc\p18F2550.asm
                   PCLATH   0x000ffa       data     extern C:\MCC18\v3_39\src\traditional\proc\p18F2550.asm
                   PCLATU   0x000ffb       data     extern C:\MCC18\v3_39\src\traditional\proc\p18F2550.asm
                   STKPTR   0x000ffc       data     extern C:\MCC18\v3_39\src\traditional\proc\p18F2550.asm
               STKPTRbits   0x000ffc       data     extern C:\MCC18\v3_39\src\traditional\proc\p18F2550.asm
                      TOS   0x000ffd       data     extern C:\MCC18\v3_39\src\traditional\proc\p18F2550.asm
                     TOSL   0x000ffd       data     extern C:\MCC18\v3_39\src\traditional\proc\p18F2550.asm
                     TOSH   0x000ffe       data     extern C:\MCC18\v3_39\src\traditional\proc\p18F2550.asm
                     TOSU   0x000fff       data     extern C:\MCC18\v3_39\src\traditional\proc\p18F2550.asm


